Component: ARM Compiler 5.06 update 7 (build 960) Tool: armlink [4d3601]

==============================================================================

Section Cross References

    main.o(i.digitalInputRequest) refers to main.o(i.transmitString) for transmitString
    main.o(i.main) refers to main.o(i.display_INIT) for display_INIT
    main.o(i.main) refers to main.o(i.ADCInit) for ADCInit
    main.o(i.main) refers to main.o(i.rgb_INIT) for rgb_INIT
    main.o(i.main) refers to main.o(i.input_INIT) for input_INIT
    main.o(i.main) refers to main.o(i.printMenu) for printMenu
    main.o(i.main) refers to main.o(i.nextInt) for nextInt
    main.o(i.main) refers to main.o(i.rgbRequest) for rgbRequest
    main.o(i.main) refers to main.o(i.digitalInputRequest) for digitalInputRequest
    main.o(i.main) refers to main.o(i.tempRequest) for tempRequest
    main.o(i.main) refers to main.o(i.transmitString) for transmitString
    main.o(i.nextInt) refers to main.o(i.transmitChar) for transmitChar
    main.o(i.nextInt) refers to main.o(i.transmitString) for transmitString
    main.o(i.nextInt) refers to atoi.o(.text) for atoi
    main.o(i.printMenu) refers to rt_memcpy_w.o(.text) for __aeabi_memcpy4
    main.o(i.printMenu) refers to main.o(i.transmitString) for transmitString
    main.o(i.printMenu) refers to strcpy.o(.text) for strcpy
    main.o(i.printMenu) refers to main.o(.constdata) for .constdata
    main.o(i.rgbRequest) refers to main.o(i.transmitString) for transmitString
    main.o(i.rgbRequest) refers to main.o(i.nextInt) for nextInt
    main.o(i.rgbRequest) refers to main.o(i.delay) for delay
    main.o(i.tempRequest) refers to _printf_percent.o(.ARM.Collect$$_printf_percent$$00000000) for _printf_percent
    main.o(i.tempRequest) refers to _printf_d.o(.ARM.Collect$$_printf_percent$$00000009) for _printf_d
    main.o(i.tempRequest) refers to _printf_f.o(.ARM.Collect$$_printf_percent$$00000003) for _printf_f
    main.o(i.tempRequest) refers to _printf_dec.o(.text) for _printf_int_dec
    main.o(i.tempRequest) refers to printf1.o(x$fpl$printf1) for _printf_fp_dec
    main.o(i.tempRequest) refers to main.o(i.transmitString) for transmitString
    main.o(i.tempRequest) refers to main.o(i.nextInt) for nextInt
    main.o(i.tempRequest) refers to main.o(i.tempRead) for tempRead
    main.o(i.tempRequest) refers to f2d.o(x$fpl$f2d) for __aeabi_f2d
    main.o(i.tempRequest) refers to dmul.o(x$fpl$dmul) for __aeabi_dmul
    main.o(i.tempRequest) refers to daddsub_clz.o(x$fpl$dadd) for __aeabi_dadd
    main.o(i.tempRequest) refers to noretval__2sprintf.o(.text) for __2sprintf
    startup_msp432p401r_uvision.o(STACK) refers (Special) to heapauxi.o(.text) for __use_two_region_memory
    startup_msp432p401r_uvision.o(HEAP) refers (Special) to heapauxi.o(.text) for __use_two_region_memory
    startup_msp432p401r_uvision.o(RESET) refers (Special) to heapauxi.o(.text) for __use_two_region_memory
    startup_msp432p401r_uvision.o(RESET) refers to startup_msp432p401r_uvision.o(STACK) for __initial_sp
    startup_msp432p401r_uvision.o(RESET) refers to startup_msp432p401r_uvision.o(.text) for Reset_Handler
    startup_msp432p401r_uvision.o(.text) refers (Special) to heapauxi.o(.text) for __use_two_region_memory
    startup_msp432p401r_uvision.o(.text) refers to system_msp432p401r.o(i.SystemInit) for SystemInit
    startup_msp432p401r_uvision.o(.text) refers to __main.o(!!!main) for __main
    startup_msp432p401r_uvision.o(.text) refers to startup_msp432p401r_uvision.o(HEAP) for Heap_Mem
    startup_msp432p401r_uvision.o(.text) refers to startup_msp432p401r_uvision.o(STACK) for Stack_Mem
    system_msp432p401r.o(i.SystemCoreClockUpdate) refers to system_msp432p401r.o(.data) for SystemCoreClock
    __2sprintf.o(.text) refers to _printf_char_common.o(.text) for _printf_char_common
    __2sprintf.o(.text) refers to _sputc.o(.text) for _sputc
    noretval__2sprintf.o(.text) refers to _printf_char_common.o(.text) for _printf_char_common
    noretval__2sprintf.o(.text) refers to _sputc.o(.text) for _sputc
    __printf.o(.text) refers to _printf_percent.o(.ARM.Collect$$_printf_percent$$00000000) for _printf_percent
    _printf_dec.o(.text) refers to _printf_intcommon.o(.text) for _printf_int_common
    __printf_flags.o(.text) refers to _printf_percent.o(.ARM.Collect$$_printf_percent$$00000000) for _printf_percent
    __printf_flags.o(.text) refers to __printf_flags.o(.constdata) for .constdata
    __printf_ss.o(.text) refers to _printf_percent.o(.ARM.Collect$$_printf_percent$$00000000) for _printf_percent
    __printf_flags_ss.o(.text) refers to _printf_percent.o(.ARM.Collect$$_printf_percent$$00000000) for _printf_percent
    __printf_flags_ss.o(.text) refers to __printf_flags_ss.o(.constdata) for .constdata
    __printf_wp.o(.text) refers to __printf_wp.o(i._is_digit) for _is_digit
    __printf_wp.o(.text) refers to _printf_percent.o(.ARM.Collect$$_printf_percent$$00000000) for _printf_percent
    __printf_flags_wp.o(.text) refers to __printf_wp.o(i._is_digit) for _is_digit
    __printf_flags_wp.o(.text) refers to _printf_percent.o(.ARM.Collect$$_printf_percent$$00000000) for _printf_percent
    __printf_flags_wp.o(.text) refers to __printf_flags_wp.o(.constdata) for .constdata
    __printf_ss_wp.o(.text) refers to __printf_wp.o(i._is_digit) for _is_digit
    __printf_ss_wp.o(.text) refers to _printf_percent.o(.ARM.Collect$$_printf_percent$$00000000) for _printf_percent
    __printf_flags_ss_wp.o(.text) refers to __printf_wp.o(i._is_digit) for _is_digit
    __printf_flags_ss_wp.o(.text) refers to _printf_percent.o(.ARM.Collect$$_printf_percent$$00000000) for _printf_percent
    __printf_flags_ss_wp.o(.text) refers to __printf_flags_ss_wp.o(.constdata) for .constdata
    _printf_d.o(.ARM.Collect$$_printf_percent$$00000009) refers (Weak) to _printf_dec.o(.text) for _printf_int_dec
    _printf_f.o(.ARM.Collect$$_printf_percent$$00000003) refers (Weak) to printf1.o(x$fpl$printf1) for _printf_fp_dec
    _printf_percent.o(.ARM.Collect$$_printf_percent$$00000000) refers (Special) to _printf_percent_end.o(.ARM.Collect$$_printf_percent$$00000017) for _printf_percent_end
    atoi.o(.text) refers to rt_errno_addr_intlibspace.o(.text) for __aeabi_errno_addr
    atoi.o(.text) refers to strtol.o(.text) for strtol
    __main.o(!!!main) refers to __rtentry.o(.ARM.Collect$$rtentry$$00000000) for __rt_entry
    daddsub_clz.o(x$fpl$dadd) refers (Special) to usenofp.o(x$fpl$usenofp) for __I$use$fp
    daddsub_clz.o(x$fpl$dadd) refers to daddsub_clz.o(x$fpl$dsub) for _dsub1
    daddsub_clz.o(x$fpl$dadd) refers to dretinf.o(x$fpl$dretinf) for __fpl_dretinf
    daddsub_clz.o(x$fpl$dadd) refers to dnaninf.o(x$fpl$dnaninf) for __fpl_dnaninf
    daddsub_clz.o(x$fpl$drsb) refers (Special) to usenofp.o(x$fpl$usenofp) for __I$use$fp
    daddsub_clz.o(x$fpl$drsb) refers to daddsub_clz.o(x$fpl$dadd) for _dadd1
    daddsub_clz.o(x$fpl$drsb) refers to daddsub_clz.o(x$fpl$dsub) for _dsub1
    daddsub_clz.o(x$fpl$dsub) refers (Special) to usenofp.o(x$fpl$usenofp) for __I$use$fp
    daddsub_clz.o(x$fpl$dsub) refers to daddsub_clz.o(x$fpl$dadd) for _dadd1
    daddsub_clz.o(x$fpl$dsub) refers to dnaninf.o(x$fpl$dnaninf) for __fpl_dnaninf
    dmul.o(x$fpl$dmul) refers (Special) to usenofp.o(x$fpl$usenofp) for __I$use$fp
    dmul.o(x$fpl$dmul) refers to dretinf.o(x$fpl$dretinf) for __fpl_dretinf
    dmul.o(x$fpl$dmul) refers to dnaninf.o(x$fpl$dnaninf) for __fpl_dnaninf
    f2d.o(x$fpl$f2d) refers (Special) to usenofp.o(x$fpl$usenofp) for __I$use$fp
    f2d.o(x$fpl$f2d) refers to fnaninf.o(x$fpl$fnaninf) for __fpl_fnaninf
    f2d.o(x$fpl$f2d) refers to dretinf.o(x$fpl$dretinf) for __fpl_dretinf
    printf1.o(x$fpl$printf1) refers to _printf_fp_dec.o(.text) for _printf_fp_dec_real
    __rtentry.o(.ARM.Collect$$rtentry$$00000000) refers (Special) to __rtentry2.o(.ARM.Collect$$rtentry$$0000000A) for __rt_entry_li
    __rtentry.o(.ARM.Collect$$rtentry$$00000000) refers (Special) to __rtentry2.o(.ARM.Collect$$rtentry$$0000000D) for __rt_entry_main
    __rtentry.o(.ARM.Collect$$rtentry$$00000000) refers (Special) to __rtentry2.o(.ARM.Collect$$rtentry$$0000000C) for __rt_entry_postli_1
    __rtentry.o(.ARM.Collect$$rtentry$$00000000) refers (Special) to __rtentry2.o(.ARM.Collect$$rtentry$$00000009) for __rt_entry_postsh_1
    __rtentry.o(.ARM.Collect$$rtentry$$00000000) refers (Special) to __rtentry2.o(.ARM.Collect$$rtentry$$00000002) for __rt_entry_presh_1
    __rtentry.o(.ARM.Collect$$rtentry$$00000000) refers (Special) to __rtentry4.o(.ARM.Collect$$rtentry$$00000004) for __rt_entry_sh
    rt_errno_addr.o(.text) refers to rt_errno_addr.o(.bss) for __aeabi_errno_addr_data
    rt_errno_addr_intlibspace.o(.text) refers to libspace.o(.bss) for __libspace_start
    _printf_fp_dec.o(.text) refers (Special) to usenofp.o(x$fpl$usenofp) for __I$use$fp
    _printf_fp_dec.o(.text) refers (Special) to lc_numeric_c.o(locale$$code) for _get_lc_numeric
    _printf_fp_dec.o(.text) refers to bigflt0.o(.text) for _btod_etento
    _printf_fp_dec.o(.text) refers to btod.o(CL$$btod_d2e) for _btod_d2e
    _printf_fp_dec.o(.text) refers to btod.o(CL$$btod_ediv) for _btod_ediv
    _printf_fp_dec.o(.text) refers to btod.o(CL$$btod_emul) for _btod_emul
    _printf_fp_dec.o(.text) refers to lludiv10.o(.text) for _ll_udiv10
    _printf_fp_dec.o(.text) refers to fpclassify.o(i.__ARM_fpclassify) for __ARM_fpclassify
    _printf_fp_dec.o(.text) refers to _printf_fp_infnan.o(.text) for _printf_fp_infnan
    _printf_fp_dec.o(.text) refers to rt_locale_intlibspace.o(.text) for __rt_locale
    _printf_char_common.o(.text) refers to __printf_wp.o(.text) for __printf
    strtol.o(.text) refers to rt_ctype_table.o(.text) for __rt_ctype_table
    strtol.o(.text) refers to _strtoul.o(.text) for _strtoul
    strtol.o(.text) refers to rt_errno_addr_intlibspace.o(.text) for __aeabi_errno_addr
    dnaninf.o(x$fpl$dnaninf) refers (Special) to usenofp.o(x$fpl$usenofp) for __I$use$fp
    dretinf.o(x$fpl$dretinf) refers (Special) to usenofp.o(x$fpl$usenofp) for __I$use$fp
    fnaninf.o(x$fpl$fnaninf) refers (Special) to usenofp.o(x$fpl$usenofp) for __I$use$fp
    libspace.o(.text) refers to libspace.o(.bss) for __libspace_start
    __rtentry2.o(.ARM.Collect$$rtentry$$00000008) refers to boardinit2.o(.text) for _platform_post_stackheap_init
    __rtentry2.o(.ARM.Collect$$rtentry$$0000000A) refers to libinit.o(.ARM.Collect$$libinit$$00000000) for __rt_lib_init
    __rtentry2.o(.ARM.Collect$$rtentry$$0000000B) refers to boardinit3.o(.text) for _platform_post_lib_init
    __rtentry2.o(.ARM.Collect$$rtentry$$0000000D) refers to main.o(i.main) for main
    __rtentry2.o(.ARM.Collect$$rtentry$$0000000D) refers to exit.o(.text) for exit
    __rtentry2.o(.ARM.exidx) refers to __rtentry2.o(.ARM.Collect$$rtentry$$00000001) for .ARM.Collect$$rtentry$$00000001
    __rtentry2.o(.ARM.exidx) refers to __rtentry2.o(.ARM.Collect$$rtentry$$00000008) for .ARM.Collect$$rtentry$$00000008
    __rtentry2.o(.ARM.exidx) refers to __rtentry2.o(.ARM.Collect$$rtentry$$0000000A) for .ARM.Collect$$rtentry$$0000000A
    __rtentry2.o(.ARM.exidx) refers to __rtentry2.o(.ARM.Collect$$rtentry$$0000000B) for .ARM.Collect$$rtentry$$0000000B
    __rtentry2.o(.ARM.exidx) refers to __rtentry2.o(.ARM.Collect$$rtentry$$0000000D) for .ARM.Collect$$rtentry$$0000000D
    __rtentry4.o(.ARM.Collect$$rtentry$$00000004) refers to sys_stackheap_outer.o(.text) for __user_setup_stackheap
    __rtentry4.o(.ARM.exidx) refers to __rtentry4.o(.ARM.Collect$$rtentry$$00000004) for .ARM.Collect$$rtentry$$00000004
    rt_ctype_table.o(.text) refers to rt_locale_intlibspace.o(.text) for __rt_locale
    rt_ctype_table.o(.text) refers to lc_ctype_c.o(locale$$code) for _get_lc_ctype
    rt_locale.o(.text) refers to rt_locale.o(.bss) for __rt_locale_data
    rt_locale_intlibspace.o(.text) refers to libspace.o(.bss) for __libspace_start
    _strtoul.o(.text) refers to _chval.o(.text) for _chval
    _strtoul.o(.text) refers to rt_errno_addr_intlibspace.o(.text) for __aeabi_errno_addr
    bigflt0.o(.text) refers (Special) to usenofp.o(x$fpl$usenofp) for __I$use$fp
    bigflt0.o(.text) refers to btod.o(CL$$btod_emul) for _btod_emul
    bigflt0.o(.text) refers to btod.o(CL$$btod_ediv) for _btod_ediv
    bigflt0.o(.text) refers to bigflt0.o(.constdata) for .constdata
    bigflt0.o(.constdata) refers (Special) to usenofp.o(x$fpl$usenofp) for __I$use$fp
    btod.o(CL$$btod_d2e) refers (Special) to usenofp.o(x$fpl$usenofp) for __I$use$fp
    btod.o(CL$$btod_d2e) refers to btod.o(CL$$btod_d2e_norm_op1) for _d2e_norm_op1
    btod.o(CL$$btod_d2e_norm_op1) refers (Special) to usenofp.o(x$fpl$usenofp) for __I$use$fp
    btod.o(CL$$btod_d2e_norm_op1) refers to btod.o(CL$$btod_d2e_denorm_low) for _d2e_denorm_low
    btod.o(CL$$btod_d2e_denorm_low) refers (Special) to usenofp.o(x$fpl$usenofp) for __I$use$fp
    btod.o(CL$$btod_emul) refers (Special) to usenofp.o(x$fpl$usenofp) for __I$use$fp
    btod.o(CL$$btod_emul) refers to btod.o(CL$$btod_mult_common) for __btod_mult_common
    btod.o(CL$$btod_emul) refers to btod.o(CL$$btod_e2e) for _e2e
    btod.o(CL$$btod_ediv) refers (Special) to usenofp.o(x$fpl$usenofp) for __I$use$fp
    btod.o(CL$$btod_ediv) refers to btod.o(CL$$btod_div_common) for __btod_div_common
    btod.o(CL$$btod_ediv) refers to btod.o(CL$$btod_e2e) for _e2e
    btod.o(CL$$btod_emuld) refers (Special) to usenofp.o(x$fpl$usenofp) for __I$use$fp
    btod.o(CL$$btod_emuld) refers to btod.o(CL$$btod_mult_common) for __btod_mult_common
    btod.o(CL$$btod_emuld) refers to btod.o(CL$$btod_e2d) for _e2d
    btod.o(CL$$btod_edivd) refers (Special) to usenofp.o(x$fpl$usenofp) for __I$use$fp
    btod.o(CL$$btod_edivd) refers to btod.o(CL$$btod_div_common) for __btod_div_common
    btod.o(CL$$btod_edivd) refers to btod.o(CL$$btod_e2d) for _e2d
    btod.o(CL$$btod_e2e) refers (Special) to usenofp.o(x$fpl$usenofp) for __I$use$fp
    btod.o(CL$$btod_e2d) refers (Special) to usenofp.o(x$fpl$usenofp) for __I$use$fp
    btod.o(CL$$btod_e2d) refers to btod.o(CL$$btod_e2e) for _e2e
    btod.o(CL$$btod_mult_common) refers (Special) to usenofp.o(x$fpl$usenofp) for __I$use$fp
    btod.o(CL$$btod_div_common) refers (Special) to usenofp.o(x$fpl$usenofp) for __I$use$fp
    lc_numeric_c.o(locale$$data) refers (Special) to libinit2.o(.ARM.Collect$$libinit$$00000016) for __rt_lib_init_lc_numeric_2
    lc_numeric_c.o(locale$$code) refers (Special) to libinit2.o(.ARM.Collect$$libinit$$00000016) for __rt_lib_init_lc_numeric_2
    lc_numeric_c.o(locale$$code) refers to strcmpv7m.o(.text) for strcmp
    lc_numeric_c.o(locale$$code) refers to lc_numeric_c.o(locale$$data) for __lcnum_c_name
    istatus.o(x$fpl$ieeestatus) refers (Special) to usenofp.o(x$fpl$usenofp) for __I$use$fp
    fpclassify.o(i.__ARM_fpclassify) refers (Special) to usenofp.o(x$fpl$usenofp) for __I$use$fp
    sys_stackheap_outer.o(.text) refers to libspace.o(.text) for __user_perproc_libspace
    sys_stackheap_outer.o(.text) refers to startup_msp432p401r_uvision.o(.text) for __user_initial_stackheap
    lc_ctype_c.o(locale$$data) refers (Special) to libinit2.o(.ARM.Collect$$libinit$$00000012) for __rt_lib_init_lc_ctype_2
    lc_ctype_c.o(locale$$code) refers (Special) to libinit2.o(.ARM.Collect$$libinit$$00000012) for __rt_lib_init_lc_ctype_2
    lc_ctype_c.o(locale$$code) refers to strcmpv7m.o(.text) for strcmp
    lc_ctype_c.o(locale$$code) refers to lc_ctype_c.o(locale$$data) for __lcctype_c_name
    exit.o(.text) refers to rtexit.o(.ARM.Collect$$rtexit$$00000000) for __rt_exit
    libinit.o(.ARM.Collect$$libinit$$00000000) refers (Special) to libinit2.o(.ARM.Collect$$libinit$$0000002E) for __rt_lib_init_alloca_1
    libinit.o(.ARM.Collect$$libinit$$00000000) refers (Special) to libinit2.o(.ARM.Collect$$libinit$$0000002C) for __rt_lib_init_argv_1
    libinit.o(.ARM.Collect$$libinit$$00000000) refers (Special) to libinit2.o(.ARM.Collect$$libinit$$0000001B) for __rt_lib_init_atexit_1
    libinit.o(.ARM.Collect$$libinit$$00000000) refers (Special) to libinit2.o(.ARM.Collect$$libinit$$00000021) for __rt_lib_init_clock_1
    libinit.o(.ARM.Collect$$libinit$$00000000) refers (Special) to libinit2.o(.ARM.Collect$$libinit$$00000032) for __rt_lib_init_cpp_1
    libinit.o(.ARM.Collect$$libinit$$00000000) refers (Special) to libinit2.o(.ARM.Collect$$libinit$$00000030) for __rt_lib_init_exceptions_1
    libinit.o(.ARM.Collect$$libinit$$00000000) refers (Special) to libinit2.o(.ARM.Collect$$libinit$$00000001) for __rt_lib_init_fp_1
    libinit.o(.ARM.Collect$$libinit$$00000000) refers (Special) to libinit2.o(.ARM.Collect$$libinit$$0000001F) for __rt_lib_init_fp_trap_1
    libinit.o(.ARM.Collect$$libinit$$00000000) refers (Special) to libinit2.o(.ARM.Collect$$libinit$$00000023) for __rt_lib_init_getenv_1
    libinit.o(.ARM.Collect$$libinit$$00000000) refers (Special) to libinit2.o(.ARM.Collect$$libinit$$0000000A) for __rt_lib_init_heap_1
    libinit.o(.ARM.Collect$$libinit$$00000000) refers (Special) to libinit2.o(.ARM.Collect$$libinit$$00000011) for __rt_lib_init_lc_collate_1
    libinit.o(.ARM.Collect$$libinit$$00000000) refers (Special) to libinit2.o(.ARM.Collect$$libinit$$00000013) for __rt_lib_init_lc_ctype_1
    libinit.o(.ARM.Collect$$libinit$$00000000) refers (Special) to libinit2.o(.ARM.Collect$$libinit$$00000015) for __rt_lib_init_lc_monetary_1
    libinit.o(.ARM.Collect$$libinit$$00000000) refers (Special) to libinit2.o(.ARM.Collect$$libinit$$00000017) for __rt_lib_init_lc_numeric_1
    libinit.o(.ARM.Collect$$libinit$$00000000) refers (Special) to libinit2.o(.ARM.Collect$$libinit$$00000019) for __rt_lib_init_lc_time_1
    libinit.o(.ARM.Collect$$libinit$$00000000) refers (Special) to libinit2.o(.ARM.Collect$$libinit$$00000004) for __rt_lib_init_preinit_1
    libinit.o(.ARM.Collect$$libinit$$00000000) refers (Special) to libinit2.o(.ARM.Collect$$libinit$$0000000E) for __rt_lib_init_rand_1
    libinit.o(.ARM.Collect$$libinit$$00000000) refers (Special) to libinit2.o(.ARM.Collect$$libinit$$00000033) for __rt_lib_init_return
    libinit.o(.ARM.Collect$$libinit$$00000000) refers (Special) to libinit2.o(.ARM.Collect$$libinit$$0000001D) for __rt_lib_init_signal_1
    libinit.o(.ARM.Collect$$libinit$$00000000) refers (Special) to libinit2.o(.ARM.Collect$$libinit$$00000025) for __rt_lib_init_stdio_1
    libinit.o(.ARM.Collect$$libinit$$00000000) refers (Special) to libinit2.o(.ARM.Collect$$libinit$$0000000C) for __rt_lib_init_user_alloc_1
    libinit2.o(.ARM.Collect$$libinit$$00000001) refers to fpinit.o(x$fpl$fpinit) for _fp_init
    libinit2.o(.ARM.Collect$$libinit$$0000000F) refers (Weak) to rt_locale_intlibspace.o(.text) for __rt_locale
    libinit2.o(.ARM.Collect$$libinit$$00000010) refers to libinit2.o(.ARM.Collect$$libinit$$0000000F) for .ARM.Collect$$libinit$$0000000F
    libinit2.o(.ARM.Collect$$libinit$$00000012) refers to libinit2.o(.ARM.Collect$$libinit$$0000000F) for .ARM.Collect$$libinit$$0000000F
    libinit2.o(.ARM.Collect$$libinit$$00000012) refers (Weak) to lc_ctype_c.o(locale$$code) for _get_lc_ctype
    libinit2.o(.ARM.Collect$$libinit$$00000014) refers to libinit2.o(.ARM.Collect$$libinit$$0000000F) for .ARM.Collect$$libinit$$0000000F
    libinit2.o(.ARM.Collect$$libinit$$00000016) refers to libinit2.o(.ARM.Collect$$libinit$$0000000F) for .ARM.Collect$$libinit$$0000000F
    libinit2.o(.ARM.Collect$$libinit$$00000016) refers (Weak) to lc_numeric_c.o(locale$$code) for _get_lc_numeric
    libinit2.o(.ARM.Collect$$libinit$$00000018) refers to libinit2.o(.ARM.Collect$$libinit$$0000000F) for .ARM.Collect$$libinit$$0000000F
    libinit2.o(.ARM.Collect$$libinit$$00000026) refers to argv_veneer.o(.emb_text) for __ARM_argv_veneer
    libinit2.o(.ARM.Collect$$libinit$$00000027) refers to argv_veneer.o(.emb_text) for __ARM_argv_veneer
    rtexit.o(.ARM.Collect$$rtexit$$00000000) refers (Special) to rtexit2.o(.ARM.Collect$$rtexit$$00000004) for __rt_exit_exit
    rtexit.o(.ARM.Collect$$rtexit$$00000000) refers (Special) to rtexit2.o(.ARM.Collect$$rtexit$$00000003) for __rt_exit_ls
    rtexit.o(.ARM.Collect$$rtexit$$00000000) refers (Special) to rtexit2.o(.ARM.Collect$$rtexit$$00000002) for __rt_exit_prels_1
    rtexit.o(.ARM.exidx) refers (Special) to rtexit2.o(.ARM.Collect$$rtexit$$00000004) for __rt_exit_exit
    rtexit.o(.ARM.exidx) refers (Special) to rtexit2.o(.ARM.Collect$$rtexit$$00000003) for __rt_exit_ls
    rtexit.o(.ARM.exidx) refers (Special) to rtexit2.o(.ARM.Collect$$rtexit$$00000002) for __rt_exit_prels_1
    rtexit.o(.ARM.exidx) refers to rtexit.o(.ARM.Collect$$rtexit$$00000000) for .ARM.Collect$$rtexit$$00000000
    argv_veneer.o(.emb_text) refers to no_argv.o(.text) for __ARM_get_argv
    rtexit2.o(.ARM.Collect$$rtexit$$00000003) refers to libshutdown.o(.ARM.Collect$$libshutdown$$00000000) for __rt_lib_shutdown
    rtexit2.o(.ARM.Collect$$rtexit$$00000004) refers to sys_exit.o(.text) for _sys_exit
    rtexit2.o(.ARM.exidx) refers to rtexit2.o(.ARM.Collect$$rtexit$$00000001) for .ARM.Collect$$rtexit$$00000001
    rtexit2.o(.ARM.exidx) refers to rtexit2.o(.ARM.Collect$$rtexit$$00000003) for .ARM.Collect$$rtexit$$00000003
    rtexit2.o(.ARM.exidx) refers to rtexit2.o(.ARM.Collect$$rtexit$$00000004) for .ARM.Collect$$rtexit$$00000004
    _get_argv_nomalloc.o(.text) refers (Special) to hrguard.o(.text) for __heap_region$guard
    _get_argv_nomalloc.o(.text) refers to defsig_rtmem_outer.o(.text) for __rt_SIGRTMEM
    _get_argv_nomalloc.o(.text) refers to sys_command.o(.text) for _sys_command_string
    sys_command.o(.text) refers (Special) to use_no_semi.o(.text) for __I$use$semihosting
    sys_command.o(.text) refers (Special) to indicate_semi.o(.text) for __semihosting_library_function
    sys_exit.o(.text) refers (Special) to use_no_semi.o(.text) for __I$use$semihosting
    sys_exit.o(.text) refers (Special) to indicate_semi.o(.text) for __semihosting_library_function
    defsig_rtmem_outer.o(.text) refers to defsig_rtmem_inner.o(.text) for __rt_SIGRTMEM_inner
    defsig_rtmem_outer.o(.text) refers to defsig_exit.o(.text) for __sig_exit
    defsig_rtmem_formal.o(.text) refers to rt_raise.o(.text) for __rt_raise
    libshutdown.o(.ARM.Collect$$libshutdown$$00000000) refers (Special) to libshutdown2.o(.ARM.Collect$$libshutdown$$00000004) for __rt_lib_shutdown_cpp_1
    libshutdown.o(.ARM.Collect$$libshutdown$$00000000) refers (Special) to libshutdown2.o(.ARM.Collect$$libshutdown$$00000002) for __rt_lib_shutdown_fini_1
    libshutdown.o(.ARM.Collect$$libshutdown$$00000000) refers (Special) to libshutdown2.o(.ARM.Collect$$libshutdown$$00000009) for __rt_lib_shutdown_fp_trap_1
    libshutdown.o(.ARM.Collect$$libshutdown$$00000000) refers (Special) to libshutdown2.o(.ARM.Collect$$libshutdown$$00000011) for __rt_lib_shutdown_heap_1
    libshutdown.o(.ARM.Collect$$libshutdown$$00000000) refers (Special) to libshutdown2.o(.ARM.Collect$$libshutdown$$00000012) for __rt_lib_shutdown_return
    libshutdown.o(.ARM.Collect$$libshutdown$$00000000) refers (Special) to libshutdown2.o(.ARM.Collect$$libshutdown$$0000000C) for __rt_lib_shutdown_signal_1
    libshutdown.o(.ARM.Collect$$libshutdown$$00000000) refers (Special) to libshutdown2.o(.ARM.Collect$$libshutdown$$00000006) for __rt_lib_shutdown_stdio_1
    libshutdown.o(.ARM.Collect$$libshutdown$$00000000) refers (Special) to libshutdown2.o(.ARM.Collect$$libshutdown$$0000000E) for __rt_lib_shutdown_user_alloc_1
    rt_raise.o(.text) refers to __raise.o(.text) for __raise
    rt_raise.o(.text) refers to sys_exit.o(.text) for _sys_exit
    defsig_exit.o(.text) refers to sys_exit.o(.text) for _sys_exit
    defsig_rtmem_inner.o(.text) refers to defsig_general.o(.text) for __default_signal_display
    __raise.o(.text) refers to defsig.o(CL$$defsig) for __default_signal_handler
    defsig_general.o(.text) refers to sys_wrch.o(.text) for _ttywrch
    sys_wrch.o(.text) refers (Special) to use_no_semi.o(.text) for __I$use$semihosting
    sys_wrch.o(.text) refers (Special) to indicate_semi.o(.text) for __semihosting_library_function
    defsig.o(CL$$defsig) refers to defsig_rtmem_inner.o(.text) for __rt_SIGRTMEM_inner
    defsig_abrt_inner.o(.text) refers to defsig_general.o(.text) for __default_signal_display
    defsig_fpe_inner.o(.text) refers to defsig_general.o(.text) for __default_signal_display
    defsig_rtred_inner.o(.text) refers to defsig_general.o(.text) for __default_signal_display
    defsig_stak_inner.o(.text) refers to defsig_general.o(.text) for __default_signal_display
    defsig_pvfn_inner.o(.text) refers to defsig_general.o(.text) for __default_signal_display
    defsig_cppl_inner.o(.text) refers to defsig_general.o(.text) for __default_signal_display
    defsig_segv_inner.o(.text) refers to defsig_general.o(.text) for __default_signal_display
    defsig_other.o(.text) refers to defsig_general.o(.text) for __default_signal_display


==============================================================================

Removing Unused input sections from the image.

    Removing main.o(.rev16_text), (4 bytes).
    Removing main.o(.revsh_text), (4 bytes).
    Removing main.o(.rrx_text), (6 bytes).
    Removing system_msp432p401r.o(.rev16_text), (4 bytes).
    Removing system_msp432p401r.o(.revsh_text), (4 bytes).
    Removing system_msp432p401r.o(.rrx_text), (6 bytes).
    Removing system_msp432p401r.o(i.SystemCoreClockUpdate), (628 bytes).
    Removing system_msp432p401r.o(.data), (4 bytes).

8 unused section(s) (total 660 bytes) removed from the image.

==============================================================================

Image Symbol Table

    Local Symbols

    Symbol Name                              Value     Ov Type        Size  Object(Section)

    RESET                                    0x00000000   Section      324  startup_msp432p401r_uvision.o(RESET)
    ../clib/angel/boardlib.s                 0x00000000   Number         0  boardinit1.o ABSOLUTE
    ../clib/angel/boardlib.s                 0x00000000   Number         0  boardinit3.o ABSOLUTE
    ../clib/angel/boardlib.s                 0x00000000   Number         0  boardshut.o ABSOLUTE
    ../clib/angel/boardlib.s                 0x00000000   Number         0  boardinit2.o ABSOLUTE
    ../clib/angel/handlers.s                 0x00000000   Number         0  __scatter_zi.o ABSOLUTE
    ../clib/angel/kernel.s                   0x00000000   Number         0  rtexit.o ABSOLUTE
    ../clib/angel/kernel.s                   0x00000000   Number         0  __rtentry2.o ABSOLUTE
    ../clib/angel/kernel.s                   0x00000000   Number         0  rtexit2.o ABSOLUTE
    ../clib/angel/kernel.s                   0x00000000   Number         0  __rtentry.o ABSOLUTE
    ../clib/angel/kernel.s                   0x00000000   Number         0  __rtentry4.o ABSOLUTE
    ../clib/angel/rt.s                       0x00000000   Number         0  rt_errno_addr_intlibspace.o ABSOLUTE
    ../clib/angel/rt.s                       0x00000000   Number         0  rt_ctype_table.o ABSOLUTE
    ../clib/angel/rt.s                       0x00000000   Number         0  rt_errno_addr.o ABSOLUTE
    ../clib/angel/rt.s                       0x00000000   Number         0  rt_locale.o ABSOLUTE
    ../clib/angel/rt.s                       0x00000000   Number         0  rt_locale_intlibspace.o ABSOLUTE
    ../clib/angel/rt.s                       0x00000000   Number         0  rt_raise.o ABSOLUTE
    ../clib/angel/scatter.s                  0x00000000   Number         0  __scatter.o ABSOLUTE
    ../clib/angel/startup.s                  0x00000000   Number         0  __main.o ABSOLUTE
    ../clib/angel/sys.s                      0x00000000   Number         0  libspace.o ABSOLUTE
    ../clib/angel/sys.s                      0x00000000   Number         0  sys_stackheap_outer.o ABSOLUTE
    ../clib/angel/sys.s                      0x00000000   Number         0  indicate_semi.o ABSOLUTE
    ../clib/angel/sys.s                      0x00000000   Number         0  use_no_semi.o ABSOLUTE
    ../clib/angel/sysapp.c                   0x00000000   Number         0  sys_exit.o ABSOLUTE
    ../clib/angel/sysapp.c                   0x00000000   Number         0  sys_wrch.o ABSOLUTE
    ../clib/angel/sysapp.c                   0x00000000   Number         0  sys_command.o ABSOLUTE
    ../clib/armsys.c                         0x00000000   Number         0  no_argv.o ABSOLUTE
    ../clib/armsys.c                         0x00000000   Number         0  _get_argv_nomalloc.o ABSOLUTE
    ../clib/armsys.c                         0x00000000   Number         0  argv_veneer.o ABSOLUTE
    ../clib/armsys.c                         0x00000000   Number         0  argv_veneer.o ABSOLUTE
    ../clib/bigflt.c                         0x00000000   Number         0  bigflt0.o ABSOLUTE
    ../clib/btod.s                           0x00000000   Number         0  btod.o ABSOLUTE
    ../clib/heapalloc.c                      0x00000000   Number         0  hrguard.o ABSOLUTE
    ../clib/heapaux.c                        0x00000000   Number         0  heapauxi.o ABSOLUTE
    ../clib/libinit.s                        0x00000000   Number         0  libshutdown2.o ABSOLUTE
    ../clib/libinit.s                        0x00000000   Number         0  libshutdown.o ABSOLUTE
    ../clib/libinit.s                        0x00000000   Number         0  libinit2.o ABSOLUTE
    ../clib/libinit.s                        0x00000000   Number         0  libinit.o ABSOLUTE
    ../clib/locale.s                         0x00000000   Number         0  lc_numeric_c.o ABSOLUTE
    ../clib/locale.s                         0x00000000   Number         0  lc_ctype_c.o ABSOLUTE
    ../clib/longlong.s                       0x00000000   Number         0  lludiv10.o ABSOLUTE
    ../clib/memcpset.s                       0x00000000   Number         0  strcmpv7m.o ABSOLUTE
    ../clib/memcpset.s                       0x00000000   Number         0  rt_memcpy_w.o ABSOLUTE
    ../clib/misc.s                           0x00000000   Number         0  printf_stubs.o ABSOLUTE
    ../clib/printf.c                         0x00000000   Number         0  _printf_dec.o ABSOLUTE
    ../clib/printf.c                         0x00000000   Number         0  __printf_flags.o ABSOLUTE
    ../clib/printf.c                         0x00000000   Number         0  __printf_ss.o ABSOLUTE
    ../clib/printf.c                         0x00000000   Number         0  __printf_flags_ss.o ABSOLUTE
    ../clib/printf.c                         0x00000000   Number         0  __printf_wp.o ABSOLUTE
    ../clib/printf.c                         0x00000000   Number         0  __printf_flags_wp.o ABSOLUTE
    ../clib/printf.c                         0x00000000   Number         0  __printf_ss_wp.o ABSOLUTE
    ../clib/printf.c                         0x00000000   Number         0  __printf_flags_ss_wp.o ABSOLUTE
    ../clib/printf.c                         0x00000000   Number         0  noretval__2sprintf.o ABSOLUTE
    ../clib/printf.c                         0x00000000   Number         0  _printf_intcommon.o ABSOLUTE
    ../clib/printf.c                         0x00000000   Number         0  _printf_fp_dec.o ABSOLUTE
    ../clib/printf.c                         0x00000000   Number         0  _printf_char_common.o ABSOLUTE
    ../clib/printf.c                         0x00000000   Number         0  __printf_nopercent.o ABSOLUTE
    ../clib/printf.c                         0x00000000   Number         0  _printf_fp_infnan.o ABSOLUTE
    ../clib/printf.c                         0x00000000   Number         0  __2sprintf.o ABSOLUTE
    ../clib/printf.c                         0x00000000   Number         0  __printf.o ABSOLUTE
    ../clib/printf.c                         0x00000000   Number         0  _sputc.o ABSOLUTE
    ../clib/printf_percent.s                 0x00000000   Number         0  _printf_f.o ABSOLUTE
    ../clib/printf_percent.s                 0x00000000   Number         0  _printf_d.o ABSOLUTE
    ../clib/printf_percent.s                 0x00000000   Number         0  _printf_percent_end.o ABSOLUTE
    ../clib/printf_percent.s                 0x00000000   Number         0  _printf_percent.o ABSOLUTE
    ../clib/scanf.c                          0x00000000   Number         0  strtol.o ABSOLUTE
    ../clib/scanf.c                          0x00000000   Number         0  atoi.o ABSOLUTE
    ../clib/scanf.c                          0x00000000   Number         0  _chval.o ABSOLUTE
    ../clib/scanf.c                          0x00000000   Number         0  _strtoul.o ABSOLUTE
    ../clib/signal.c                         0x00000000   Number         0  defsig_pvfn_inner.o ABSOLUTE
    ../clib/signal.c                         0x00000000   Number         0  defsig_abrt_inner.o ABSOLUTE
    ../clib/signal.c                         0x00000000   Number         0  defsig_general.o ABSOLUTE
    ../clib/signal.c                         0x00000000   Number         0  __raise.o ABSOLUTE
    ../clib/signal.c                         0x00000000   Number         0  defsig_cppl_inner.o ABSOLUTE
    ../clib/signal.c                         0x00000000   Number         0  defsig_rtmem_inner.o ABSOLUTE
    ../clib/signal.c                         0x00000000   Number         0  defsig_exit.o ABSOLUTE
    ../clib/signal.c                         0x00000000   Number         0  defsig_segv_inner.o ABSOLUTE
    ../clib/signal.c                         0x00000000   Number         0  defsig_stak_inner.o ABSOLUTE
    ../clib/signal.c                         0x00000000   Number         0  defsig_other.o ABSOLUTE
    ../clib/signal.c                         0x00000000   Number         0  defsig_rtmem_formal.o ABSOLUTE
    ../clib/signal.c                         0x00000000   Number         0  defsig_rtmem_outer.o ABSOLUTE
    ../clib/signal.c                         0x00000000   Number         0  defsig_rtred_inner.o ABSOLUTE
    ../clib/signal.c                         0x00000000   Number         0  defsig_fpe_inner.o ABSOLUTE
    ../clib/signal.s                         0x00000000   Number         0  defsig.o ABSOLUTE
    ../clib/stdlib.c                         0x00000000   Number         0  exit.o ABSOLUTE
    ../clib/string.c                         0x00000000   Number         0  strcpy.o ABSOLUTE
    ../fplib/daddsub.s                       0x00000000   Number         0  daddsub_clz.o ABSOLUTE
    ../fplib/dmul.s                          0x00000000   Number         0  dmul.o ABSOLUTE
    ../fplib/dnaninf.s                       0x00000000   Number         0  dnaninf.o ABSOLUTE
    ../fplib/dretinf.s                       0x00000000   Number         0  dretinf.o ABSOLUTE
    ../fplib/f2d.s                           0x00000000   Number         0  f2d.o ABSOLUTE
    ../fplib/fnaninf.s                       0x00000000   Number         0  fnaninf.o ABSOLUTE
    ../fplib/fpinit.s                        0x00000000   Number         0  fpinit.o ABSOLUTE
    ../fplib/istatus.s                       0x00000000   Number         0  istatus.o ABSOLUTE
    ../fplib/printf1.s                       0x00000000   Number         0  printf1.o ABSOLUTE
    ../fplib/usenofp.s                       0x00000000   Number         0  usenofp.o ABSOLUTE
    ../mathlib/fpclassify.c                  0x00000000   Number         0  fpclassify.o ABSOLUTE
    RTE\Device\MSP432P401R\startup_msp432p401r_uvision.s 0x00000000   Number         0  startup_msp432p401r_uvision.o ABSOLUTE
    RTE\Device\MSP432P401R\system_msp432p401r.c 0x00000000   Number         0  system_msp432p401r.o ABSOLUTE
    RTE\\Device\\MSP432P401R\\system_msp432p401r.c 0x00000000   Number         0  system_msp432p401r.o ABSOLUTE
    dc.s                                     0x00000000   Number         0  dc.o ABSOLUTE
    main.c                                   0x00000000   Number         0  main.o ABSOLUTE
    main.c                                   0x00000000   Number         0  main.o ABSOLUTE
    !!!main                                  0x00000144   Section        8  __main.o(!!!main)
    !!!scatter                               0x0000014c   Section       52  __scatter.o(!!!scatter)
    !!handler_zi                             0x00000180   Section       28  __scatter_zi.o(!!handler_zi)
    .ARM.Collect$$_printf_percent$$00000000  0x0000019c   Section        0  _printf_percent.o(.ARM.Collect$$_printf_percent$$00000000)
    .ARM.Collect$$_printf_percent$$00000003  0x0000019c   Section        6  _printf_f.o(.ARM.Collect$$_printf_percent$$00000003)
    .ARM.Collect$$_printf_percent$$00000009  0x000001a2   Section        6  _printf_d.o(.ARM.Collect$$_printf_percent$$00000009)
    .ARM.Collect$$_printf_percent$$00000017  0x000001a8   Section        4  _printf_percent_end.o(.ARM.Collect$$_printf_percent$$00000017)
    .ARM.Collect$$libinit$$00000000          0x000001ac   Section        2  libinit.o(.ARM.Collect$$libinit$$00000000)
    .ARM.Collect$$libinit$$00000001          0x000001ae   Section        4  libinit2.o(.ARM.Collect$$libinit$$00000001)
    .ARM.Collect$$libinit$$00000004          0x000001b2   Section        0  libinit2.o(.ARM.Collect$$libinit$$00000004)
    .ARM.Collect$$libinit$$0000000A          0x000001b2   Section        0  libinit2.o(.ARM.Collect$$libinit$$0000000A)
    .ARM.Collect$$libinit$$0000000C          0x000001b2   Section        0  libinit2.o(.ARM.Collect$$libinit$$0000000C)
    .ARM.Collect$$libinit$$0000000E          0x000001b2   Section        0  libinit2.o(.ARM.Collect$$libinit$$0000000E)
    .ARM.Collect$$libinit$$0000000F          0x000001b2   Section        6  libinit2.o(.ARM.Collect$$libinit$$0000000F)
    .ARM.Collect$$libinit$$00000011          0x000001b8   Section        0  libinit2.o(.ARM.Collect$$libinit$$00000011)
    .ARM.Collect$$libinit$$00000012          0x000001b8   Section       12  libinit2.o(.ARM.Collect$$libinit$$00000012)
    .ARM.Collect$$libinit$$00000013          0x000001c4   Section        0  libinit2.o(.ARM.Collect$$libinit$$00000013)
    .ARM.Collect$$libinit$$00000015          0x000001c4   Section        0  libinit2.o(.ARM.Collect$$libinit$$00000015)
    .ARM.Collect$$libinit$$00000016          0x000001c4   Section       10  libinit2.o(.ARM.Collect$$libinit$$00000016)
    .ARM.Collect$$libinit$$00000017          0x000001ce   Section        0  libinit2.o(.ARM.Collect$$libinit$$00000017)
    .ARM.Collect$$libinit$$00000019          0x000001ce   Section        0  libinit2.o(.ARM.Collect$$libinit$$00000019)
    .ARM.Collect$$libinit$$0000001B          0x000001ce   Section        0  libinit2.o(.ARM.Collect$$libinit$$0000001B)
    .ARM.Collect$$libinit$$0000001D          0x000001ce   Section        0  libinit2.o(.ARM.Collect$$libinit$$0000001D)
    .ARM.Collect$$libinit$$0000001F          0x000001ce   Section        0  libinit2.o(.ARM.Collect$$libinit$$0000001F)
    .ARM.Collect$$libinit$$00000021          0x000001ce   Section        0  libinit2.o(.ARM.Collect$$libinit$$00000021)
    .ARM.Collect$$libinit$$00000023          0x000001ce   Section        0  libinit2.o(.ARM.Collect$$libinit$$00000023)
    .ARM.Collect$$libinit$$00000025          0x000001ce   Section        0  libinit2.o(.ARM.Collect$$libinit$$00000025)
    .ARM.Collect$$libinit$$0000002C          0x000001ce   Section        0  libinit2.o(.ARM.Collect$$libinit$$0000002C)
    .ARM.Collect$$libinit$$0000002E          0x000001ce   Section        0  libinit2.o(.ARM.Collect$$libinit$$0000002E)
    .ARM.Collect$$libinit$$00000030          0x000001ce   Section        0  libinit2.o(.ARM.Collect$$libinit$$00000030)
    .ARM.Collect$$libinit$$00000032          0x000001ce   Section        0  libinit2.o(.ARM.Collect$$libinit$$00000032)
    .ARM.Collect$$libinit$$00000033          0x000001ce   Section        2  libinit2.o(.ARM.Collect$$libinit$$00000033)
    .ARM.Collect$$libshutdown$$00000000      0x000001d0   Section        2  libshutdown.o(.ARM.Collect$$libshutdown$$00000000)
    .ARM.Collect$$libshutdown$$00000002      0x000001d2   Section        0  libshutdown2.o(.ARM.Collect$$libshutdown$$00000002)
    .ARM.Collect$$libshutdown$$00000004      0x000001d2   Section        0  libshutdown2.o(.ARM.Collect$$libshutdown$$00000004)
    .ARM.Collect$$libshutdown$$00000006      0x000001d2   Section        0  libshutdown2.o(.ARM.Collect$$libshutdown$$00000006)
    .ARM.Collect$$libshutdown$$00000009      0x000001d2   Section        0  libshutdown2.o(.ARM.Collect$$libshutdown$$00000009)
    .ARM.Collect$$libshutdown$$0000000C      0x000001d2   Section        0  libshutdown2.o(.ARM.Collect$$libshutdown$$0000000C)
    .ARM.Collect$$libshutdown$$0000000E      0x000001d2   Section        0  libshutdown2.o(.ARM.Collect$$libshutdown$$0000000E)
    .ARM.Collect$$libshutdown$$00000011      0x000001d2   Section        0  libshutdown2.o(.ARM.Collect$$libshutdown$$00000011)
    .ARM.Collect$$libshutdown$$00000012      0x000001d2   Section        2  libshutdown2.o(.ARM.Collect$$libshutdown$$00000012)
    .ARM.Collect$$rtentry$$00000000          0x000001d4   Section        0  __rtentry.o(.ARM.Collect$$rtentry$$00000000)
    .ARM.Collect$$rtentry$$00000002          0x000001d4   Section        0  __rtentry2.o(.ARM.Collect$$rtentry$$00000002)
    .ARM.Collect$$rtentry$$00000004          0x000001d4   Section        6  __rtentry4.o(.ARM.Collect$$rtentry$$00000004)
    .ARM.Collect$$rtentry$$00000009          0x000001da   Section        0  __rtentry2.o(.ARM.Collect$$rtentry$$00000009)
    .ARM.Collect$$rtentry$$0000000A          0x000001da   Section        4  __rtentry2.o(.ARM.Collect$$rtentry$$0000000A)
    .ARM.Collect$$rtentry$$0000000C          0x000001de   Section        0  __rtentry2.o(.ARM.Collect$$rtentry$$0000000C)
    .ARM.Collect$$rtentry$$0000000D          0x000001de   Section        8  __rtentry2.o(.ARM.Collect$$rtentry$$0000000D)
    .ARM.Collect$$rtexit$$00000000           0x000001e6   Section        2  rtexit.o(.ARM.Collect$$rtexit$$00000000)
    .ARM.Collect$$rtexit$$00000002           0x000001e8   Section        0  rtexit2.o(.ARM.Collect$$rtexit$$00000002)
    .ARM.Collect$$rtexit$$00000003           0x000001e8   Section        4  rtexit2.o(.ARM.Collect$$rtexit$$00000003)
    .ARM.Collect$$rtexit$$00000004           0x000001ec   Section        6  rtexit2.o(.ARM.Collect$$rtexit$$00000004)
    .text                                    0x000001f4   Section       60  startup_msp432p401r_uvision.o(.text)
    $v0                                      0x000001f4   Number         0  startup_msp432p401r_uvision.o(.text)
    .text                                    0x00000230   Section        0  noretval__2sprintf.o(.text)
    .text                                    0x00000258   Section        0  _printf_dec.o(.text)
    .text                                    0x000002d0   Section        0  __printf_wp.o(.text)
    .text                                    0x000003de   Section        0  atoi.o(.text)
    .text                                    0x000003f8   Section        0  strcpy.o(.text)
    .text                                    0x00000440   Section      100  rt_memcpy_w.o(.text)
    .text                                    0x000004a4   Section        0  heapauxi.o(.text)
    .text                                    0x000004ac   Section        8  rt_errno_addr_intlibspace.o(.text)
    .text                                    0x000004b4   Section        0  _printf_intcommon.o(.text)
    .text                                    0x00000566   Section        0  _printf_fp_dec.o(.text)
    _fp_digits                               0x00000569   Thumb Code   432  _printf_fp_dec.o(.text)
    .text                                    0x00000984   Section        0  _printf_char_common.o(.text)
    _printf_input_char                       0x00000985   Thumb Code    10  _printf_char_common.o(.text)
    .text                                    0x000009b4   Section        0  _sputc.o(.text)
    .text                                    0x000009be   Section        0  strtol.o(.text)
    .text                                    0x00000a30   Section        8  libspace.o(.text)
    .text                                    0x00000a38   Section       16  rt_ctype_table.o(.text)
    .text                                    0x00000a48   Section        8  rt_locale_intlibspace.o(.text)
    .text                                    0x00000a50   Section      138  lludiv10.o(.text)
    .text                                    0x00000adc   Section        0  _printf_fp_infnan.o(.text)
    .text                                    0x00000b5c   Section        0  _strtoul.o(.text)
    .text                                    0x00000bfc   Section        0  bigflt0.o(.text)
    .text                                    0x00000ce0   Section       74  sys_stackheap_outer.o(.text)
    .text                                    0x00000d2a   Section        0  _chval.o(.text)
    .text                                    0x00000d46   Section        0  exit.o(.text)
    .text                                    0x00000d58   Section      128  strcmpv7m.o(.text)
    .text                                    0x00000dd8   Section        0  sys_exit.o(.text)
    .text                                    0x00000de4   Section        2  use_no_semi.o(.text)
    .text                                    0x00000de6   Section        0  indicate_semi.o(.text)
    CL$$btod_d2e                             0x00000de6   Section       62  btod.o(CL$$btod_d2e)
    CL$$btod_d2e_denorm_low                  0x00000e24   Section       70  btod.o(CL$$btod_d2e_denorm_low)
    CL$$btod_d2e_norm_op1                    0x00000e6a   Section       96  btod.o(CL$$btod_d2e_norm_op1)
    CL$$btod_div_common                      0x00000eca   Section      824  btod.o(CL$$btod_div_common)
    CL$$btod_e2e                             0x00001202   Section      220  btod.o(CL$$btod_e2e)
    CL$$btod_ediv                            0x000012de   Section       42  btod.o(CL$$btod_ediv)
    CL$$btod_emul                            0x00001308   Section       42  btod.o(CL$$btod_emul)
    CL$$btod_mult_common                     0x00001332   Section      580  btod.o(CL$$btod_mult_common)
    i.ADCInit                                0x00001578   Section        0  main.o(i.ADCInit)
    i.SystemInit                             0x000015fc   Section        0  system_msp432p401r.o(i.SystemInit)
    i.__ARM_fpclassify                       0x00001668   Section        0  fpclassify.o(i.__ARM_fpclassify)
    i._is_digit                              0x00001698   Section        0  __printf_wp.o(i._is_digit)
    i.delay                                  0x000016a6   Section        0  main.o(i.delay)
    i.digitalInputRequest                    0x000016e4   Section        0  main.o(i.digitalInputRequest)
    i.display_INIT                           0x00001780   Section        0  main.o(i.display_INIT)
    i.input_INIT                             0x000017cc   Section        0  main.o(i.input_INIT)
    i.main                                   0x00001814   Section        0  main.o(i.main)
    i.nextInt                                0x0000189c   Section        0  main.o(i.nextInt)
    i.printMenu                              0x000018ec   Section        0  main.o(i.printMenu)
    i.rgbRequest                             0x00001978   Section        0  main.o(i.rgbRequest)
    i.rgb_INIT                               0x00001a98   Section        0  main.o(i.rgb_INIT)
    i.tempRead                               0x00001ad4   Section        0  main.o(i.tempRead)
    i.tempRequest                            0x00001b50   Section        0  main.o(i.tempRequest)
    i.transmitChar                           0x00001c80   Section        0  main.o(i.transmitChar)
    i.transmitString                         0x00001c98   Section        0  main.o(i.transmitString)
    locale$$code                             0x00001cc0   Section       44  lc_numeric_c.o(locale$$code)
    locale$$code                             0x00001cec   Section       44  lc_ctype_c.o(locale$$code)
    x$fpl$dadd                               0x00001d18   Section      336  daddsub_clz.o(x$fpl$dadd)
    $v0                                      0x00001d18   Number         0  daddsub_clz.o(x$fpl$dadd)
    _dadd1                                   0x00001d29   Thumb Code     0  daddsub_clz.o(x$fpl$dadd)
    x$fpl$dmul                               0x00001e68   Section      340  dmul.o(x$fpl$dmul)
    $v0                                      0x00001e68   Number         0  dmul.o(x$fpl$dmul)
    x$fpl$dnaninf                            0x00001fbc   Section      156  dnaninf.o(x$fpl$dnaninf)
    $v0                                      0x00001fbc   Number         0  dnaninf.o(x$fpl$dnaninf)
    x$fpl$dretinf                            0x00002058   Section       12  dretinf.o(x$fpl$dretinf)
    $v0                                      0x00002058   Number         0  dretinf.o(x$fpl$dretinf)
    x$fpl$dsub                               0x00002064   Section      468  daddsub_clz.o(x$fpl$dsub)
    $v0                                      0x00002064   Number         0  daddsub_clz.o(x$fpl$dsub)
    _dsub1                                   0x00002075   Thumb Code     0  daddsub_clz.o(x$fpl$dsub)
    x$fpl$f2d                                0x00002238   Section       86  f2d.o(x$fpl$f2d)
    $v0                                      0x00002238   Number         0  f2d.o(x$fpl$f2d)
    x$fpl$fnaninf                            0x0000228e   Section      140  fnaninf.o(x$fpl$fnaninf)
    $v0                                      0x0000228e   Number         0  fnaninf.o(x$fpl$fnaninf)
    x$fpl$fpinit                             0x0000231a   Section       10  fpinit.o(x$fpl$fpinit)
    $v0                                      0x0000231a   Number         0  fpinit.o(x$fpl$fpinit)
    x$fpl$printf1                            0x00002324   Section        4  printf1.o(x$fpl$printf1)
    $v0                                      0x00002324   Number         0  printf1.o(x$fpl$printf1)
    .constdata                               0x00002328   Section       25  main.o(.constdata)
    x$fpl$usenofp                            0x00002328   Section        0  usenofp.o(x$fpl$usenofp)
    .constdata                               0x00002344   Section      148  bigflt0.o(.constdata)
    tenpwrs_x                                0x00002344   Data          60  bigflt0.o(.constdata)
    tenpwrs_i                                0x00002380   Data          64  bigflt0.o(.constdata)
    locale$$data                             0x000023e8   Section       28  lc_numeric_c.o(locale$$data)
    __lcnum_c_name                           0x000023ec   Data           2  lc_numeric_c.o(locale$$data)
    __lcnum_c_start                          0x000023f4   Data           0  lc_numeric_c.o(locale$$data)
    __lcnum_c_point                          0x00002400   Data           0  lc_numeric_c.o(locale$$data)
    __lcnum_c_thousands                      0x00002402   Data           0  lc_numeric_c.o(locale$$data)
    __lcnum_c_grouping                       0x00002403   Data           0  lc_numeric_c.o(locale$$data)
    locale$$data                             0x00002404   Section      272  lc_ctype_c.o(locale$$data)
    __lcnum_c_end                            0x00002404   Data           0  lc_numeric_c.o(locale$$data)
    __lcctype_c_name                         0x00002408   Data           2  lc_ctype_c.o(locale$$data)
    __lcctype_c_start                        0x00002410   Data           0  lc_ctype_c.o(locale$$data)
    __lcctype_c_end                          0x00002514   Data           0  lc_ctype_c.o(locale$$data)
    .bss                                     0x20000000   Section       96  libspace.o(.bss)
    HEAP                                     0x20000060   Section        0  startup_msp432p401r_uvision.o(HEAP)
    STACK                                    0x20000060   Section      512  startup_msp432p401r_uvision.o(STACK)
    Heap_Mem                                 0x20000060   Data           0  startup_msp432p401r_uvision.o(HEAP)
    Stack_Mem                                0x20000060   Data         512  startup_msp432p401r_uvision.o(STACK)
    __initial_sp                             0x20000260   Data           0  startup_msp432p401r_uvision.o(STACK)

    Global Symbols

    Symbol Name                              Value     Ov Type        Size  Object(Section)

    BuildAttributes$$THM_ISAv4$E$P$D$K$B$S$7EM$VFPi3$EXTD16$VFPS$VFMA$PE$A:L22UL41UL21$X:L11$S22US41US21$IEEE1$IW$USESV6$~STKCKD$USESV7$~SHL$OTIME$ROPI$IEEEJ$EBA8$UX$STANDARDLIB$REQ8$PRES8$EABIv2 0x00000000   Number         0  anon$$obj.o ABSOLUTE
    __ARM_use_no_argv                        0x00000000   Number         0  main.o ABSOLUTE
    __Vectors                                0x00000000   Data           4  startup_msp432p401r_uvision.o(RESET)
    _printf_flags                            0x00000000   Number         0  printf_stubs.o ABSOLUTE
    _printf_return_value                     0x00000000   Number         0  printf_stubs.o ABSOLUTE
    _printf_sizespec                         0x00000000   Number         0  printf_stubs.o ABSOLUTE
    _printf_widthprec                        0x00000000   Number         0  printf_stubs.o ABSOLUTE
    __ARM_exceptions_init                     - Undefined Weak Reference
    __alloca_initialize                       - Undefined Weak Reference
    __arm_fini_                               - Undefined Weak Reference
    __arm_preinit_                            - Undefined Weak Reference
    __cpp_initialize__aeabi_                  - Undefined Weak Reference
    __cxa_finalize                            - Undefined Weak Reference
    __sigvec_lookup                           - Undefined Weak Reference
    _atexit_init                              - Undefined Weak Reference
    _call_atexit_fns                          - Undefined Weak Reference
    _clock_init                               - Undefined Weak Reference
    _fp_trap_init                             - Undefined Weak Reference
    _fp_trap_shutdown                         - Undefined Weak Reference
    _get_lc_collate                           - Undefined Weak Reference
    _get_lc_monetary                          - Undefined Weak Reference
    _get_lc_time                              - Undefined Weak Reference
    _getenv_init                              - Undefined Weak Reference
    _handle_redirection                       - Undefined Weak Reference
    _init_alloc                               - Undefined Weak Reference
    _init_user_alloc                          - Undefined Weak Reference
    _initio                                   - Undefined Weak Reference
    _printf_post_padding                      - Undefined Weak Reference
    _printf_pre_padding                       - Undefined Weak Reference
    _printf_truncate_signed                   - Undefined Weak Reference
    _printf_truncate_unsigned                 - Undefined Weak Reference
    _rand_init                                - Undefined Weak Reference
    _signal_finish                            - Undefined Weak Reference
    _signal_init                              - Undefined Weak Reference
    _terminate_alloc                          - Undefined Weak Reference
    _terminate_user_alloc                     - Undefined Weak Reference
    _terminateio                              - Undefined Weak Reference
    __Vectors_End                            0x00000144   Data           0  startup_msp432p401r_uvision.o(RESET)
    __Vectors_Size                           0x00000144   Number         0  startup_msp432p401r_uvision.o ABSOLUTE
    __main                                   0x00000145   Thumb Code     8  __main.o(!!!main)
    __scatterload                            0x0000014d   Thumb Code     0  __scatter.o(!!!scatter)
    __scatterload_rt2                        0x0000014d   Thumb Code    44  __scatter.o(!!!scatter)
    __scatterload_rt2_thumb_only             0x0000014d   Thumb Code     0  __scatter.o(!!!scatter)
    __scatterload_null                       0x0000015b   Thumb Code     0  __scatter.o(!!!scatter)
    __scatterload_zeroinit                   0x00000181   Thumb Code    28  __scatter_zi.o(!!handler_zi)
    _printf_f                                0x0000019d   Thumb Code     0  _printf_f.o(.ARM.Collect$$_printf_percent$$00000003)
    _printf_percent                          0x0000019d   Thumb Code     0  _printf_percent.o(.ARM.Collect$$_printf_percent$$00000000)
    _printf_d                                0x000001a3   Thumb Code     0  _printf_d.o(.ARM.Collect$$_printf_percent$$00000009)
    _printf_percent_end                      0x000001a9   Thumb Code     0  _printf_percent_end.o(.ARM.Collect$$_printf_percent$$00000017)
    __rt_lib_init                            0x000001ad   Thumb Code     0  libinit.o(.ARM.Collect$$libinit$$00000000)
    __rt_lib_init_fp_1                       0x000001af   Thumb Code     0  libinit2.o(.ARM.Collect$$libinit$$00000001)
    __rt_lib_init_heap_1                     0x000001b3   Thumb Code     0  libinit2.o(.ARM.Collect$$libinit$$0000000A)
    __rt_lib_init_lc_common                  0x000001b3   Thumb Code     0  libinit2.o(.ARM.Collect$$libinit$$0000000F)
    __rt_lib_init_preinit_1                  0x000001b3   Thumb Code     0  libinit2.o(.ARM.Collect$$libinit$$00000004)
    __rt_lib_init_rand_1                     0x000001b3   Thumb Code     0  libinit2.o(.ARM.Collect$$libinit$$0000000E)
    __rt_lib_init_user_alloc_1               0x000001b3   Thumb Code     0  libinit2.o(.ARM.Collect$$libinit$$0000000C)
    __rt_lib_init_lc_collate_1               0x000001b9   Thumb Code     0  libinit2.o(.ARM.Collect$$libinit$$00000011)
    __rt_lib_init_lc_ctype_2                 0x000001b9   Thumb Code     0  libinit2.o(.ARM.Collect$$libinit$$00000012)
    __rt_lib_init_lc_ctype_1                 0x000001c5   Thumb Code     0  libinit2.o(.ARM.Collect$$libinit$$00000013)
    __rt_lib_init_lc_monetary_1              0x000001c5   Thumb Code     0  libinit2.o(.ARM.Collect$$libinit$$00000015)
    __rt_lib_init_lc_numeric_2               0x000001c5   Thumb Code     0  libinit2.o(.ARM.Collect$$libinit$$00000016)
    __rt_lib_init_alloca_1                   0x000001cf   Thumb Code     0  libinit2.o(.ARM.Collect$$libinit$$0000002E)
    __rt_lib_init_argv_1                     0x000001cf   Thumb Code     0  libinit2.o(.ARM.Collect$$libinit$$0000002C)
    __rt_lib_init_atexit_1                   0x000001cf   Thumb Code     0  libinit2.o(.ARM.Collect$$libinit$$0000001B)
    __rt_lib_init_clock_1                    0x000001cf   Thumb Code     0  libinit2.o(.ARM.Collect$$libinit$$00000021)
    __rt_lib_init_cpp_1                      0x000001cf   Thumb Code     0  libinit2.o(.ARM.Collect$$libinit$$00000032)
    __rt_lib_init_exceptions_1               0x000001cf   Thumb Code     0  libinit2.o(.ARM.Collect$$libinit$$00000030)
    __rt_lib_init_fp_trap_1                  0x000001cf   Thumb Code     0  libinit2.o(.ARM.Collect$$libinit$$0000001F)
    __rt_lib_init_getenv_1                   0x000001cf   Thumb Code     0  libinit2.o(.ARM.Collect$$libinit$$00000023)
    __rt_lib_init_lc_numeric_1               0x000001cf   Thumb Code     0  libinit2.o(.ARM.Collect$$libinit$$00000017)
    __rt_lib_init_lc_time_1                  0x000001cf   Thumb Code     0  libinit2.o(.ARM.Collect$$libinit$$00000019)
    __rt_lib_init_return                     0x000001cf   Thumb Code     0  libinit2.o(.ARM.Collect$$libinit$$00000033)
    __rt_lib_init_signal_1                   0x000001cf   Thumb Code     0  libinit2.o(.ARM.Collect$$libinit$$0000001D)
    __rt_lib_init_stdio_1                    0x000001cf   Thumb Code     0  libinit2.o(.ARM.Collect$$libinit$$00000025)
    __rt_lib_shutdown                        0x000001d1   Thumb Code     0  libshutdown.o(.ARM.Collect$$libshutdown$$00000000)
    __rt_lib_shutdown_cpp_1                  0x000001d3   Thumb Code     0  libshutdown2.o(.ARM.Collect$$libshutdown$$00000004)
    __rt_lib_shutdown_fini_1                 0x000001d3   Thumb Code     0  libshutdown2.o(.ARM.Collect$$libshutdown$$00000002)
    __rt_lib_shutdown_fp_trap_1              0x000001d3   Thumb Code     0  libshutdown2.o(.ARM.Collect$$libshutdown$$00000009)
    __rt_lib_shutdown_heap_1                 0x000001d3   Thumb Code     0  libshutdown2.o(.ARM.Collect$$libshutdown$$00000011)
    __rt_lib_shutdown_return                 0x000001d3   Thumb Code     0  libshutdown2.o(.ARM.Collect$$libshutdown$$00000012)
    __rt_lib_shutdown_signal_1               0x000001d3   Thumb Code     0  libshutdown2.o(.ARM.Collect$$libshutdown$$0000000C)
    __rt_lib_shutdown_stdio_1                0x000001d3   Thumb Code     0  libshutdown2.o(.ARM.Collect$$libshutdown$$00000006)
    __rt_lib_shutdown_user_alloc_1           0x000001d3   Thumb Code     0  libshutdown2.o(.ARM.Collect$$libshutdown$$0000000E)
    __rt_entry                               0x000001d5   Thumb Code     0  __rtentry.o(.ARM.Collect$$rtentry$$00000000)
    __rt_entry_presh_1                       0x000001d5   Thumb Code     0  __rtentry2.o(.ARM.Collect$$rtentry$$00000002)
    __rt_entry_sh                            0x000001d5   Thumb Code     0  __rtentry4.o(.ARM.Collect$$rtentry$$00000004)
    __rt_entry_li                            0x000001db   Thumb Code     0  __rtentry2.o(.ARM.Collect$$rtentry$$0000000A)
    __rt_entry_postsh_1                      0x000001db   Thumb Code     0  __rtentry2.o(.ARM.Collect$$rtentry$$00000009)
    __rt_entry_main                          0x000001df   Thumb Code     0  __rtentry2.o(.ARM.Collect$$rtentry$$0000000D)
    __rt_entry_postli_1                      0x000001df   Thumb Code     0  __rtentry2.o(.ARM.Collect$$rtentry$$0000000C)
    __rt_exit                                0x000001e7   Thumb Code     0  rtexit.o(.ARM.Collect$$rtexit$$00000000)
    __rt_exit_ls                             0x000001e9   Thumb Code     0  rtexit2.o(.ARM.Collect$$rtexit$$00000003)
    __rt_exit_prels_1                        0x000001e9   Thumb Code     0  rtexit2.o(.ARM.Collect$$rtexit$$00000002)
    __rt_exit_exit                           0x000001ed   Thumb Code     0  rtexit2.o(.ARM.Collect$$rtexit$$00000004)
    Reset_Handler                            0x000001f5   Thumb Code     8  startup_msp432p401r_uvision.o(.text)
    NMI_Handler                              0x000001fd   Thumb Code     2  startup_msp432p401r_uvision.o(.text)
    HardFault_Handler                        0x000001ff   Thumb Code     2  startup_msp432p401r_uvision.o(.text)
    MemManage_Handler                        0x00000201   Thumb Code     2  startup_msp432p401r_uvision.o(.text)
    BusFault_Handler                         0x00000203   Thumb Code     2  startup_msp432p401r_uvision.o(.text)
    UsageFault_Handler                       0x00000205   Thumb Code     2  startup_msp432p401r_uvision.o(.text)
    SVC_Handler                              0x00000207   Thumb Code     2  startup_msp432p401r_uvision.o(.text)
    DebugMon_Handler                         0x00000209   Thumb Code     2  startup_msp432p401r_uvision.o(.text)
    PendSV_Handler                           0x0000020b   Thumb Code     2  startup_msp432p401r_uvision.o(.text)
    SysTick_Handler                          0x0000020d   Thumb Code     2  startup_msp432p401r_uvision.o(.text)
    ADC14_IRQHandler                         0x0000020f   Thumb Code     0  startup_msp432p401r_uvision.o(.text)
    AES256_IRQHandler                        0x0000020f   Thumb Code     0  startup_msp432p401r_uvision.o(.text)
    COMP_E0_IRQHandler                       0x0000020f   Thumb Code     0  startup_msp432p401r_uvision.o(.text)
    COMP_E1_IRQHandler                       0x0000020f   Thumb Code     0  startup_msp432p401r_uvision.o(.text)
    CS_IRQHandler                            0x0000020f   Thumb Code     0  startup_msp432p401r_uvision.o(.text)
    DMA_ERR_IRQHandler                       0x0000020f   Thumb Code     0  startup_msp432p401r_uvision.o(.text)
    DMA_INT0_IRQHandler                      0x0000020f   Thumb Code     0  startup_msp432p401r_uvision.o(.text)
    DMA_INT1_IRQHandler                      0x0000020f   Thumb Code     0  startup_msp432p401r_uvision.o(.text)
    DMA_INT2_IRQHandler                      0x0000020f   Thumb Code     0  startup_msp432p401r_uvision.o(.text)
    DMA_INT3_IRQHandler                      0x0000020f   Thumb Code     0  startup_msp432p401r_uvision.o(.text)
    EUSCIA0_IRQHandler                       0x0000020f   Thumb Code     0  startup_msp432p401r_uvision.o(.text)
    EUSCIA1_IRQHandler                       0x0000020f   Thumb Code     0  startup_msp432p401r_uvision.o(.text)
    EUSCIA2_IRQHandler                       0x0000020f   Thumb Code     0  startup_msp432p401r_uvision.o(.text)
    EUSCIA3_IRQHandler                       0x0000020f   Thumb Code     0  startup_msp432p401r_uvision.o(.text)
    EUSCIB0_IRQHandler                       0x0000020f   Thumb Code     0  startup_msp432p401r_uvision.o(.text)
    EUSCIB1_IRQHandler                       0x0000020f   Thumb Code     0  startup_msp432p401r_uvision.o(.text)
    EUSCIB2_IRQHandler                       0x0000020f   Thumb Code     0  startup_msp432p401r_uvision.o(.text)
    EUSCIB3_IRQHandler                       0x0000020f   Thumb Code     0  startup_msp432p401r_uvision.o(.text)
    FLCTL_IRQHandler                         0x0000020f   Thumb Code     0  startup_msp432p401r_uvision.o(.text)
    FPU_IRQHandler                           0x0000020f   Thumb Code     0  startup_msp432p401r_uvision.o(.text)
    PCM_IRQHandler                           0x0000020f   Thumb Code     0  startup_msp432p401r_uvision.o(.text)
    PORT1_IRQHandler                         0x0000020f   Thumb Code     0  startup_msp432p401r_uvision.o(.text)
    PORT2_IRQHandler                         0x0000020f   Thumb Code     0  startup_msp432p401r_uvision.o(.text)
    PORT3_IRQHandler                         0x0000020f   Thumb Code     0  startup_msp432p401r_uvision.o(.text)
    PORT4_IRQHandler                         0x0000020f   Thumb Code     0  startup_msp432p401r_uvision.o(.text)
    PORT5_IRQHandler                         0x0000020f   Thumb Code     0  startup_msp432p401r_uvision.o(.text)
    PORT6_IRQHandler                         0x0000020f   Thumb Code     0  startup_msp432p401r_uvision.o(.text)
    PSS_IRQHandler                           0x0000020f   Thumb Code     0  startup_msp432p401r_uvision.o(.text)
    RTC_C_IRQHandler                         0x0000020f   Thumb Code     0  startup_msp432p401r_uvision.o(.text)
    T32_INT1_IRQHandler                      0x0000020f   Thumb Code     0  startup_msp432p401r_uvision.o(.text)
    T32_INT2_IRQHandler                      0x0000020f   Thumb Code     0  startup_msp432p401r_uvision.o(.text)
    T32_INTC_IRQHandler                      0x0000020f   Thumb Code     0  startup_msp432p401r_uvision.o(.text)
    TA0_0_IRQHandler                         0x0000020f   Thumb Code     0  startup_msp432p401r_uvision.o(.text)
    TA0_N_IRQHandler                         0x0000020f   Thumb Code     0  startup_msp432p401r_uvision.o(.text)
    TA1_0_IRQHandler                         0x0000020f   Thumb Code     0  startup_msp432p401r_uvision.o(.text)
    TA1_N_IRQHandler                         0x0000020f   Thumb Code     0  startup_msp432p401r_uvision.o(.text)
    TA2_0_IRQHandler                         0x0000020f   Thumb Code     0  startup_msp432p401r_uvision.o(.text)
    TA2_N_IRQHandler                         0x0000020f   Thumb Code     0  startup_msp432p401r_uvision.o(.text)
    TA3_0_IRQHandler                         0x0000020f   Thumb Code     0  startup_msp432p401r_uvision.o(.text)
    TA3_N_IRQHandler                         0x0000020f   Thumb Code     0  startup_msp432p401r_uvision.o(.text)
    WDT_A_IRQHandler                         0x0000020f   Thumb Code     0  startup_msp432p401r_uvision.o(.text)
    __user_initial_stackheap                 0x00000211   Thumb Code    10  startup_msp432p401r_uvision.o(.text)
    __2sprintf                               0x00000231   Thumb Code    34  noretval__2sprintf.o(.text)
    _printf_int_dec                          0x00000259   Thumb Code   104  _printf_dec.o(.text)
    __printf                                 0x000002d1   Thumb Code   270  __printf_wp.o(.text)
    atoi                                     0x000003df   Thumb Code    26  atoi.o(.text)
    strcpy                                   0x000003f9   Thumb Code    72  strcpy.o(.text)
    __aeabi_memcpy4                          0x00000441   Thumb Code     0  rt_memcpy_w.o(.text)
    __aeabi_memcpy8                          0x00000441   Thumb Code     0  rt_memcpy_w.o(.text)
    __rt_memcpy_w                            0x00000441   Thumb Code   100  rt_memcpy_w.o(.text)
    _memcpy_lastbytes_aligned                0x00000489   Thumb Code     0  rt_memcpy_w.o(.text)
    __use_two_region_memory                  0x000004a5   Thumb Code     2  heapauxi.o(.text)
    __rt_heap_escrow$2region                 0x000004a7   Thumb Code     2  heapauxi.o(.text)
    __rt_heap_expand$2region                 0x000004a9   Thumb Code     2  heapauxi.o(.text)
    __aeabi_errno_addr                       0x000004ad   Thumb Code     8  rt_errno_addr_intlibspace.o(.text)
    __errno$intlibspace                      0x000004ad   Thumb Code     0  rt_errno_addr_intlibspace.o(.text)
    __rt_errno_addr$intlibspace              0x000004ad   Thumb Code     0  rt_errno_addr_intlibspace.o(.text)
    _printf_int_common                       0x000004b5   Thumb Code   178  _printf_intcommon.o(.text)
    __lib_sel_fp_printf                      0x00000567   Thumb Code     2  _printf_fp_dec.o(.text)
    _printf_fp_dec_real                      0x00000719   Thumb Code   620  _printf_fp_dec.o(.text)
    _printf_char_common                      0x0000098f   Thumb Code    32  _printf_char_common.o(.text)
    _sputc                                   0x000009b5   Thumb Code    10  _sputc.o(.text)
    strtol                                   0x000009bf   Thumb Code   112  strtol.o(.text)
    __user_libspace                          0x00000a31   Thumb Code     8  libspace.o(.text)
    __user_perproc_libspace                  0x00000a31   Thumb Code     0  libspace.o(.text)
    __user_perthread_libspace                0x00000a31   Thumb Code     0  libspace.o(.text)
    __rt_ctype_table                         0x00000a39   Thumb Code    16  rt_ctype_table.o(.text)
    __rt_locale                              0x00000a49   Thumb Code     8  rt_locale_intlibspace.o(.text)
    _ll_udiv10                               0x00000a51   Thumb Code   138  lludiv10.o(.text)
    _printf_fp_infnan                        0x00000add   Thumb Code   112  _printf_fp_infnan.o(.text)
    _strtoul                                 0x00000b5d   Thumb Code   158  _strtoul.o(.text)
    _btod_etento                             0x00000bfd   Thumb Code   224  bigflt0.o(.text)
    __user_setup_stackheap                   0x00000ce1   Thumb Code    74  sys_stackheap_outer.o(.text)
    _chval                                   0x00000d2b   Thumb Code    28  _chval.o(.text)
    exit                                     0x00000d47   Thumb Code    18  exit.o(.text)
    strcmp                                   0x00000d59   Thumb Code   128  strcmpv7m.o(.text)
    _sys_exit                                0x00000dd9   Thumb Code     8  sys_exit.o(.text)
    __I$use$semihosting                      0x00000de5   Thumb Code     0  use_no_semi.o(.text)
    __use_no_semihosting_swi                 0x00000de5   Thumb Code     2  use_no_semi.o(.text)
    __semihosting_library_function           0x00000de7   Thumb Code     0  indicate_semi.o(.text)
    _btod_d2e                                0x00000de7   Thumb Code    62  btod.o(CL$$btod_d2e)
    _d2e_denorm_low                          0x00000e25   Thumb Code    70  btod.o(CL$$btod_d2e_denorm_low)
    _d2e_norm_op1                            0x00000e6b   Thumb Code    96  btod.o(CL$$btod_d2e_norm_op1)
    __btod_div_common                        0x00000ecb   Thumb Code   696  btod.o(CL$$btod_div_common)
    _e2e                                     0x00001203   Thumb Code   220  btod.o(CL$$btod_e2e)
    _btod_ediv                               0x000012df   Thumb Code    42  btod.o(CL$$btod_ediv)
    _btod_emul                               0x00001309   Thumb Code    42  btod.o(CL$$btod_emul)
    __btod_mult_common                       0x00001333   Thumb Code   580  btod.o(CL$$btod_mult_common)
    ADCInit                                  0x00001579   Thumb Code   118  main.o(i.ADCInit)
    SystemInit                               0x000015fd   Thumb Code    86  system_msp432p401r.o(i.SystemInit)
    __ARM_fpclassify                         0x00001669   Thumb Code    48  fpclassify.o(i.__ARM_fpclassify)
    _is_digit                                0x00001699   Thumb Code    14  __printf_wp.o(i._is_digit)
    delay                                    0x000016a7   Thumb Code    62  main.o(i.delay)
    digitalInputRequest                      0x000016e5   Thumb Code    60  main.o(i.digitalInputRequest)
    display_INIT                             0x00001781   Thumb Code    68  main.o(i.display_INIT)
    input_INIT                               0x000017cd   Thumb Code    66  main.o(i.input_INIT)
    main                                     0x00001815   Thumb Code   108  main.o(i.main)
    nextInt                                  0x0000189d   Thumb Code    72  main.o(i.nextInt)
    printMenu                                0x000018ed   Thumb Code    66  main.o(i.printMenu)
    rgbRequest                               0x00001979   Thumb Code   154  main.o(i.rgbRequest)
    rgb_INIT                                 0x00001a99   Thumb Code    54  main.o(i.rgb_INIT)
    tempRead                                 0x00001ad5   Thumb Code   108  main.o(i.tempRead)
    tempRequest                              0x00001b51   Thumb Code   180  main.o(i.tempRequest)
    transmitChar                             0x00001c81   Thumb Code    20  main.o(i.transmitChar)
    transmitString                           0x00001c99   Thumb Code    34  main.o(i.transmitString)
    _get_lc_numeric                          0x00001cc1   Thumb Code    44  lc_numeric_c.o(locale$$code)
    _get_lc_ctype                            0x00001ced   Thumb Code    44  lc_ctype_c.o(locale$$code)
    __aeabi_dadd                             0x00001d19   Thumb Code     0  daddsub_clz.o(x$fpl$dadd)
    _dadd                                    0x00001d19   Thumb Code   332  daddsub_clz.o(x$fpl$dadd)
    __aeabi_dmul                             0x00001e69   Thumb Code     0  dmul.o(x$fpl$dmul)
    _dmul                                    0x00001e69   Thumb Code   332  dmul.o(x$fpl$dmul)
    __fpl_dnaninf                            0x00001fbd   Thumb Code   156  dnaninf.o(x$fpl$dnaninf)
    __fpl_dretinf                            0x00002059   Thumb Code    12  dretinf.o(x$fpl$dretinf)
    __aeabi_dsub                             0x00002065   Thumb Code     0  daddsub_clz.o(x$fpl$dsub)
    _dsub                                    0x00002065   Thumb Code   464  daddsub_clz.o(x$fpl$dsub)
    __aeabi_f2d                              0x00002239   Thumb Code     0  f2d.o(x$fpl$f2d)
    _f2d                                     0x00002239   Thumb Code    86  f2d.o(x$fpl$f2d)
    __fpl_fnaninf                            0x0000228f   Thumb Code   140  fnaninf.o(x$fpl$fnaninf)
    _fp_init                                 0x0000231b   Thumb Code    10  fpinit.o(x$fpl$fpinit)
    __fplib_config_fpu_vfp                   0x00002323   Thumb Code     0  fpinit.o(x$fpl$fpinit)
    __fplib_config_pureend_doubles           0x00002323   Thumb Code     0  fpinit.o(x$fpl$fpinit)
    _printf_fp_dec                           0x00002325   Thumb Code     4  printf1.o(x$fpl$printf1)
    __I$use$fp                               0x00002328   Number         0  usenofp.o(x$fpl$usenofp)
    Region$$Table$$Base                      0x000023d8   Number         0  anon$$obj.o(Region$$Table)
    Region$$Table$$Limit                     0x000023e8   Number         0  anon$$obj.o(Region$$Table)
    __ctype                                  0x00002411   Data           0  lc_ctype_c.o(locale$$data)
    __libspace_start                         0x20000000   Data          96  libspace.o(.bss)
    __temporary_stack_top$libspace           0x20000060   Data           0  libspace.o(.bss)



==============================================================================

Memory Map of the image

  Image Entry point : 0x000001f5

  Load Region LR_1 (Base: 0x00000000, Size: 0x00002514, Max: 0xffffffff, ABSOLUTE)

    Execution Region ER_RO (Exec base: 0x00000000, Load base: 0x00000000, Size: 0x00002514, Max: 0xffffffff, ABSOLUTE)

    Exec Addr    Load Addr    Size         Type   Attr      Idx    E Section Name        Object

    0x00000000   0x00000000   0x00000144   Data   RO          166    RESET               startup_msp432p401r_uvision.o
    0x00000144   0x00000144   0x00000008   Code   RO          248  * !!!main             c_w.l(__main.o)
    0x0000014c   0x0000014c   0x00000034   Code   RO          496    !!!scatter          c_w.l(__scatter.o)
    0x00000180   0x00000180   0x0000001c   Code   RO          498    !!handler_zi        c_w.l(__scatter_zi.o)
    0x0000019c   0x0000019c   0x00000000   Code   RO          239    .ARM.Collect$$_printf_percent$$00000000  c_w.l(_printf_percent.o)
    0x0000019c   0x0000019c   0x00000006   Code   RO          238    .ARM.Collect$$_printf_percent$$00000003  c_w.l(_printf_f.o)
    0x000001a2   0x000001a2   0x00000006   Code   RO          237    .ARM.Collect$$_printf_percent$$00000009  c_w.l(_printf_d.o)
    0x000001a8   0x000001a8   0x00000004   Code   RO          276    .ARM.Collect$$_printf_percent$$00000017  c_w.l(_printf_percent_end.o)
    0x000001ac   0x000001ac   0x00000002   Code   RO          367    .ARM.Collect$$libinit$$00000000  c_w.l(libinit.o)
    0x000001ae   0x000001ae   0x00000004   Code   RO          368    .ARM.Collect$$libinit$$00000001  c_w.l(libinit2.o)
    0x000001b2   0x000001b2   0x00000000   Code   RO          371    .ARM.Collect$$libinit$$00000004  c_w.l(libinit2.o)
    0x000001b2   0x000001b2   0x00000000   Code   RO          374    .ARM.Collect$$libinit$$0000000A  c_w.l(libinit2.o)
    0x000001b2   0x000001b2   0x00000000   Code   RO          376    .ARM.Collect$$libinit$$0000000C  c_w.l(libinit2.o)
    0x000001b2   0x000001b2   0x00000000   Code   RO          378    .ARM.Collect$$libinit$$0000000E  c_w.l(libinit2.o)
    0x000001b2   0x000001b2   0x00000006   Code   RO          379    .ARM.Collect$$libinit$$0000000F  c_w.l(libinit2.o)
    0x000001b8   0x000001b8   0x00000000   Code   RO          381    .ARM.Collect$$libinit$$00000011  c_w.l(libinit2.o)
    0x000001b8   0x000001b8   0x0000000c   Code   RO          382    .ARM.Collect$$libinit$$00000012  c_w.l(libinit2.o)
    0x000001c4   0x000001c4   0x00000000   Code   RO          383    .ARM.Collect$$libinit$$00000013  c_w.l(libinit2.o)
    0x000001c4   0x000001c4   0x00000000   Code   RO          385    .ARM.Collect$$libinit$$00000015  c_w.l(libinit2.o)
    0x000001c4   0x000001c4   0x0000000a   Code   RO          386    .ARM.Collect$$libinit$$00000016  c_w.l(libinit2.o)
    0x000001ce   0x000001ce   0x00000000   Code   RO          387    .ARM.Collect$$libinit$$00000017  c_w.l(libinit2.o)
    0x000001ce   0x000001ce   0x00000000   Code   RO          389    .ARM.Collect$$libinit$$00000019  c_w.l(libinit2.o)
    0x000001ce   0x000001ce   0x00000000   Code   RO          391    .ARM.Collect$$libinit$$0000001B  c_w.l(libinit2.o)
    0x000001ce   0x000001ce   0x00000000   Code   RO          393    .ARM.Collect$$libinit$$0000001D  c_w.l(libinit2.o)
    0x000001ce   0x000001ce   0x00000000   Code   RO          395    .ARM.Collect$$libinit$$0000001F  c_w.l(libinit2.o)
    0x000001ce   0x000001ce   0x00000000   Code   RO          397    .ARM.Collect$$libinit$$00000021  c_w.l(libinit2.o)
    0x000001ce   0x000001ce   0x00000000   Code   RO          399    .ARM.Collect$$libinit$$00000023  c_w.l(libinit2.o)
    0x000001ce   0x000001ce   0x00000000   Code   RO          401    .ARM.Collect$$libinit$$00000025  c_w.l(libinit2.o)
    0x000001ce   0x000001ce   0x00000000   Code   RO          405    .ARM.Collect$$libinit$$0000002C  c_w.l(libinit2.o)
    0x000001ce   0x000001ce   0x00000000   Code   RO          407    .ARM.Collect$$libinit$$0000002E  c_w.l(libinit2.o)
    0x000001ce   0x000001ce   0x00000000   Code   RO          409    .ARM.Collect$$libinit$$00000030  c_w.l(libinit2.o)
    0x000001ce   0x000001ce   0x00000000   Code   RO          411    .ARM.Collect$$libinit$$00000032  c_w.l(libinit2.o)
    0x000001ce   0x000001ce   0x00000002   Code   RO          412    .ARM.Collect$$libinit$$00000033  c_w.l(libinit2.o)
    0x000001d0   0x000001d0   0x00000002   Code   RO          442    .ARM.Collect$$libshutdown$$00000000  c_w.l(libshutdown.o)
    0x000001d2   0x000001d2   0x00000000   Code   RO          453    .ARM.Collect$$libshutdown$$00000002  c_w.l(libshutdown2.o)
    0x000001d2   0x000001d2   0x00000000   Code   RO          455    .ARM.Collect$$libshutdown$$00000004  c_w.l(libshutdown2.o)
    0x000001d2   0x000001d2   0x00000000   Code   RO          457    .ARM.Collect$$libshutdown$$00000006  c_w.l(libshutdown2.o)
    0x000001d2   0x000001d2   0x00000000   Code   RO          460    .ARM.Collect$$libshutdown$$00000009  c_w.l(libshutdown2.o)
    0x000001d2   0x000001d2   0x00000000   Code   RO          463    .ARM.Collect$$libshutdown$$0000000C  c_w.l(libshutdown2.o)
    0x000001d2   0x000001d2   0x00000000   Code   RO          465    .ARM.Collect$$libshutdown$$0000000E  c_w.l(libshutdown2.o)
    0x000001d2   0x000001d2   0x00000000   Code   RO          468    .ARM.Collect$$libshutdown$$00000011  c_w.l(libshutdown2.o)
    0x000001d2   0x000001d2   0x00000002   Code   RO          469    .ARM.Collect$$libshutdown$$00000012  c_w.l(libshutdown2.o)
    0x000001d4   0x000001d4   0x00000000   Code   RO          262    .ARM.Collect$$rtentry$$00000000  c_w.l(__rtentry.o)
    0x000001d4   0x000001d4   0x00000000   Code   RO          290    .ARM.Collect$$rtentry$$00000002  c_w.l(__rtentry2.o)
    0x000001d4   0x000001d4   0x00000006   Code   RO          302    .ARM.Collect$$rtentry$$00000004  c_w.l(__rtentry4.o)
    0x000001da   0x000001da   0x00000000   Code   RO          292    .ARM.Collect$$rtentry$$00000009  c_w.l(__rtentry2.o)
    0x000001da   0x000001da   0x00000004   Code   RO          293    .ARM.Collect$$rtentry$$0000000A  c_w.l(__rtentry2.o)
    0x000001de   0x000001de   0x00000000   Code   RO          295    .ARM.Collect$$rtentry$$0000000C  c_w.l(__rtentry2.o)
    0x000001de   0x000001de   0x00000008   Code   RO          296    .ARM.Collect$$rtentry$$0000000D  c_w.l(__rtentry2.o)
    0x000001e6   0x000001e6   0x00000002   Code   RO          413    .ARM.Collect$$rtexit$$00000000  c_w.l(rtexit.o)
    0x000001e8   0x000001e8   0x00000000   Code   RO          420    .ARM.Collect$$rtexit$$00000002  c_w.l(rtexit2.o)
    0x000001e8   0x000001e8   0x00000004   Code   RO          421    .ARM.Collect$$rtexit$$00000003  c_w.l(rtexit2.o)
    0x000001ec   0x000001ec   0x00000006   Code   RO          422    .ARM.Collect$$rtexit$$00000004  c_w.l(rtexit2.o)
    0x000001f2   0x000001f2   0x00000002   PAD
    0x000001f4   0x000001f4   0x0000003c   Code   RO          167  * .text               startup_msp432p401r_uvision.o
    0x00000230   0x00000230   0x00000028   Code   RO          211    .text               c_w.l(noretval__2sprintf.o)
    0x00000258   0x00000258   0x00000078   Code   RO          215    .text               c_w.l(_printf_dec.o)
    0x000002d0   0x000002d0   0x0000010e   Code   RO          225    .text               c_w.l(__printf_wp.o)
    0x000003de   0x000003de   0x0000001a   Code   RO          240    .text               c_w.l(atoi.o)
    0x000003f8   0x000003f8   0x00000048   Code   RO          242    .text               c_w.l(strcpy.o)
    0x00000440   0x00000440   0x00000064   Code   RO          244    .text               c_w.l(rt_memcpy_w.o)
    0x000004a4   0x000004a4   0x00000006   Code   RO          246    .text               c_w.l(heapauxi.o)
    0x000004aa   0x000004aa   0x00000002   PAD
    0x000004ac   0x000004ac   0x00000008   Code   RO          266    .text               c_w.l(rt_errno_addr_intlibspace.o)
    0x000004b4   0x000004b4   0x000000b2   Code   RO          268    .text               c_w.l(_printf_intcommon.o)
    0x00000566   0x00000566   0x0000041e   Code   RO          270    .text               c_w.l(_printf_fp_dec.o)
    0x00000984   0x00000984   0x00000030   Code   RO          272    .text               c_w.l(_printf_char_common.o)
    0x000009b4   0x000009b4   0x0000000a   Code   RO          274    .text               c_w.l(_sputc.o)
    0x000009be   0x000009be   0x00000070   Code   RO          277    .text               c_w.l(strtol.o)
    0x00000a2e   0x00000a2e   0x00000002   PAD
    0x00000a30   0x00000a30   0x00000008   Code   RO          286    .text               c_w.l(libspace.o)
    0x00000a38   0x00000a38   0x00000010   Code   RO          304    .text               c_w.l(rt_ctype_table.o)
    0x00000a48   0x00000a48   0x00000008   Code   RO          309    .text               c_w.l(rt_locale_intlibspace.o)
    0x00000a50   0x00000a50   0x0000008a   Code   RO          311    .text               c_w.l(lludiv10.o)
    0x00000ada   0x00000ada   0x00000002   PAD
    0x00000adc   0x00000adc   0x00000080   Code   RO          313    .text               c_w.l(_printf_fp_infnan.o)
    0x00000b5c   0x00000b5c   0x0000009e   Code   RO          317    .text               c_w.l(_strtoul.o)
    0x00000bfa   0x00000bfa   0x00000002   PAD
    0x00000bfc   0x00000bfc   0x000000e4   Code   RO          319    .text               c_w.l(bigflt0.o)
    0x00000ce0   0x00000ce0   0x0000004a   Code   RO          351    .text               c_w.l(sys_stackheap_outer.o)
    0x00000d2a   0x00000d2a   0x0000001c   Code   RO          353    .text               c_w.l(_chval.o)
    0x00000d46   0x00000d46   0x00000012   Code   RO          358    .text               c_w.l(exit.o)
    0x00000d58   0x00000d58   0x00000080   Code   RO          360    .text               c_w.l(strcmpv7m.o)
    0x00000dd8   0x00000dd8   0x0000000c   Code   RO          432    .text               c_w.l(sys_exit.o)
    0x00000de4   0x00000de4   0x00000002   Code   RO          443    .text               c_w.l(use_no_semi.o)
    0x00000de6   0x00000de6   0x00000000   Code   RO          445    .text               c_w.l(indicate_semi.o)
    0x00000de6   0x00000de6   0x0000003e   Code   RO          322    CL$$btod_d2e        c_w.l(btod.o)
    0x00000e24   0x00000e24   0x00000046   Code   RO          324    CL$$btod_d2e_denorm_low  c_w.l(btod.o)
    0x00000e6a   0x00000e6a   0x00000060   Code   RO          323    CL$$btod_d2e_norm_op1  c_w.l(btod.o)
    0x00000eca   0x00000eca   0x00000338   Code   RO          332    CL$$btod_div_common  c_w.l(btod.o)
    0x00001202   0x00001202   0x000000dc   Code   RO          329    CL$$btod_e2e        c_w.l(btod.o)
    0x000012de   0x000012de   0x0000002a   Code   RO          326    CL$$btod_ediv       c_w.l(btod.o)
    0x00001308   0x00001308   0x0000002a   Code   RO          325    CL$$btod_emul       c_w.l(btod.o)
    0x00001332   0x00001332   0x00000244   Code   RO          331    CL$$btod_mult_common  c_w.l(btod.o)
    0x00001576   0x00001576   0x00000002   PAD
    0x00001578   0x00001578   0x00000084   Code   RO            4    i.ADCInit           main.o
    0x000015fc   0x000015fc   0x0000006c   Code   RO          175    i.SystemInit        system_msp432p401r.o
    0x00001668   0x00001668   0x00000030   Code   RO          349    i.__ARM_fpclassify  m_wm.l(fpclassify.o)
    0x00001698   0x00001698   0x0000000e   Code   RO          227    i._is_digit         c_w.l(__printf_wp.o)
    0x000016a6   0x000016a6   0x0000003e   Code   RO            5    i.delay             main.o
    0x000016e4   0x000016e4   0x0000009c   Code   RO            6    i.digitalInputRequest  main.o
    0x00001780   0x00001780   0x0000004c   Code   RO            7    i.display_INIT      main.o
    0x000017cc   0x000017cc   0x00000048   Code   RO            8    i.input_INIT        main.o
    0x00001814   0x00001814   0x00000088   Code   RO            9    i.main              main.o
    0x0000189c   0x0000189c   0x00000050   Code   RO           10    i.nextInt           main.o
    0x000018ec   0x000018ec   0x0000008c   Code   RO           11    i.printMenu         main.o
    0x00001978   0x00001978   0x00000120   Code   RO           12    i.rgbRequest        main.o
    0x00001a98   0x00001a98   0x0000003c   Code   RO           13    i.rgb_INIT          main.o
    0x00001ad4   0x00001ad4   0x0000007c   Code   RO           14    i.tempRead          main.o
    0x00001b50   0x00001b50   0x00000130   Code   RO           15    i.tempRequest       main.o
    0x00001c80   0x00001c80   0x00000018   Code   RO           16    i.transmitChar      main.o
    0x00001c98   0x00001c98   0x00000028   Code   RO           17    i.transmitString    main.o
    0x00001cc0   0x00001cc0   0x0000002c   Code   RO          345    locale$$code        c_w.l(lc_numeric_c.o)
    0x00001cec   0x00001cec   0x0000002c   Code   RO          356    locale$$code        c_w.l(lc_ctype_c.o)
    0x00001d18   0x00001d18   0x00000150   Code   RO          250    x$fpl$dadd          fz_wm.l(daddsub_clz.o)
    0x00001e68   0x00001e68   0x00000154   Code   RO          256    x$fpl$dmul          fz_wm.l(dmul.o)
    0x00001fbc   0x00001fbc   0x0000009c   Code   RO          279    x$fpl$dnaninf       fz_wm.l(dnaninf.o)
    0x00002058   0x00002058   0x0000000c   Code   RO          281    x$fpl$dretinf       fz_wm.l(dretinf.o)
    0x00002064   0x00002064   0x000001d4   Code   RO          252    x$fpl$dsub          fz_wm.l(daddsub_clz.o)
    0x00002238   0x00002238   0x00000056   Code   RO          258    x$fpl$f2d           fz_wm.l(f2d.o)
    0x0000228e   0x0000228e   0x0000008c   Code   RO          283    x$fpl$fnaninf       fz_wm.l(fnaninf.o)
    0x0000231a   0x0000231a   0x0000000a   Code   RO          417    x$fpl$fpinit        fz_wm.l(fpinit.o)
    0x00002324   0x00002324   0x00000004   Code   RO          260    x$fpl$printf1       fz_wm.l(printf1.o)
    0x00002328   0x00002328   0x00000000   Code   RO          285    x$fpl$usenofp       fz_wm.l(usenofp.o)
    0x00002328   0x00002328   0x00000019   Data   RO           18    .constdata          main.o
    0x00002341   0x00002341   0x00000003   PAD
    0x00002344   0x00002344   0x00000094   Data   RO          320    .constdata          c_w.l(bigflt0.o)
    0x000023d8   0x000023d8   0x00000010   Data   RO          494    Region$$Table       anon$$obj.o
    0x000023e8   0x000023e8   0x0000001c   Data   RO          344    locale$$data        c_w.l(lc_numeric_c.o)
    0x00002404   0x00002404   0x00000110   Data   RO          355    locale$$data        c_w.l(lc_ctype_c.o)


    Execution Region ER_RW (Exec base: 0x20000000, Load base: 0x00002514, Size: 0x00000000, Max: 0xffffffff, ABSOLUTE)

    **** No section assigned to this execution region ****


    Execution Region ER_ZI (Exec base: 0x20000000, Load base: 0x00002514, Size: 0x00000260, Max: 0xffffffff, ABSOLUTE)

    Exec Addr    Load Addr    Size         Type   Attr      Idx    E Section Name        Object

    0x20000000        -       0x00000060   Zero   RW          287    .bss                c_w.l(libspace.o)
    0x20000060        -       0x00000000   Zero   RW          165    HEAP                startup_msp432p401r_uvision.o
    0x20000060        -       0x00000200   Zero   RW          164    STACK               startup_msp432p401r_uvision.o


==============================================================================

Image component sizes


      Code (inc. data)   RO Data    RW Data    ZI Data      Debug   Object Name

      1694        524         25          0          0      12086   main.o
        60         22        324          0        512        928   startup_msp432p401r_uvision.o
       108         22          0          0          0        533   system_msp432p401r.o

    ----------------------------------------------------------------------
      1862        568        368          0        512      13547   Object Totals
         0          0         16          0          0          0   (incl. Generated)
         0          0          3          0          0          0   (incl. Padding)

    ----------------------------------------------------------------------

      Code (inc. data)   RO Data    RW Data    ZI Data      Debug   Library Member Name

         8          0          0          0          0         68   __main.o
       284          0          0          0          0        156   __printf_wp.o
         0          0          0          0          0          0   __rtentry.o
        12          0          0          0          0          0   __rtentry2.o
         6          0          0          0          0          0   __rtentry4.o
        52          8          0          0          0          0   __scatter.o
        28          0          0          0          0          0   __scatter_zi.o
        28          0          0          0          0         68   _chval.o
        48          6          0          0          0         96   _printf_char_common.o
         6          0          0          0          0          0   _printf_d.o
       120         16          0          0          0         92   _printf_dec.o
         6          0          0          0          0          0   _printf_f.o
      1054          0          0          0          0        216   _printf_fp_dec.o
       128         16          0          0          0         84   _printf_fp_infnan.o
       178          0          0          0          0         88   _printf_intcommon.o
         0          0          0          0          0          0   _printf_percent.o
         4          0          0          0          0          0   _printf_percent_end.o
        10          0          0          0          0         68   _sputc.o
       158          0          0          0          0         92   _strtoul.o
        26          0          0          0          0         80   atoi.o
       228          4        148          0          0         96   bigflt0.o
      1936        128          0          0          0        672   btod.o
        18          0          0          0          0         80   exit.o
         6          0          0          0          0        152   heapauxi.o
         0          0          0          0          0          0   indicate_semi.o
        44         10        272          0          0         76   lc_ctype_c.o
        44         10         28          0          0         76   lc_numeric_c.o
         2          0          0          0          0          0   libinit.o
        34          0          0          0          0          0   libinit2.o
         2          0          0          0          0          0   libshutdown.o
         2          0          0          0          0          0   libshutdown2.o
         8          4          0          0         96         68   libspace.o
       138          0          0          0          0         80   lludiv10.o
        40          6          0          0          0         84   noretval__2sprintf.o
        16          4          0          0          0         76   rt_ctype_table.o
         8          4          0          0          0         68   rt_errno_addr_intlibspace.o
         8          4          0          0          0         68   rt_locale_intlibspace.o
       100          0          0          0          0         80   rt_memcpy_w.o
         2          0          0          0          0          0   rtexit.o
        10          0          0          0          0          0   rtexit2.o
       128          0          0          0          0         68   strcmpv7m.o
        72          0          0          0          0         80   strcpy.o
       112          0          0          0          0         88   strtol.o
        12          4          0          0          0         68   sys_exit.o
        74          0          0          0          0         80   sys_stackheap_outer.o
         2          0          0          0          0         68   use_no_semi.o
       804         16          0          0          0        368   daddsub_clz.o
       340         12          0          0          0        152   dmul.o
       156          4          0          0          0        140   dnaninf.o
        12          0          0          0          0        116   dretinf.o
        86          4          0          0          0        132   f2d.o
       140          4          0          0          0        132   fnaninf.o
        10          0          0          0          0        116   fpinit.o
         4          0          0          0          0        116   printf1.o
         0          0          0          0          0          0   usenofp.o
        48          0          0          0          0        124   fpclassify.o

    ----------------------------------------------------------------------
      6814        264        448          0         96       4632   Library Totals
        12          0          0          0          0          0   (incl. Padding)

    ----------------------------------------------------------------------

      Code (inc. data)   RO Data    RW Data    ZI Data      Debug   Library Name

      5202        224        448          0         96       3236   c_w.l
      1552         40          0          0          0       1272   fz_wm.l
        48          0          0          0          0        124   m_wm.l

    ----------------------------------------------------------------------
      6814        264        448          0         96       4632   Library Totals

    ----------------------------------------------------------------------

==============================================================================


      Code (inc. data)   RO Data    RW Data    ZI Data      Debug   

      8676        832        816          0        608      14391   Grand Totals
      8676        832        816          0        608      14391   ELF Image Totals
      8676        832        816          0          0          0   ROM Totals

==============================================================================

    Total RO  Size (Code + RO Data)                 9492 (   9.27kB)
    Total RW  Size (RW Data + ZI Data)               608 (   0.59kB)
    Total ROM Size (Code + RO Data + RW Data)       9492 (   9.27kB)

==============================================================================

